   Compiling pdfdelta-core v0.1.0 (/home/hayato/ghq/github.com/hayatosc/pdfdelta/crates/pdfdelta-core)
   Compiling pdfdelta-bench v0.1.0 (/home/hayato/ghq/github.com/hayatosc/pdfdelta/crates/pdfdelta-bench)
    Finished `dev` profile [unoptimized + debuginfo] target(s) in 19.43s
     Running `target/debug/pdfbench verify`
PASS case=line-wrap-only renderer=lopdf-tj expected=none actual=none coverage=1.000/1.000 candidates=0 proven=0 precision=events:0/0/0:1.000/1.000/1.000,tokens:0/0/0:1.000/1.000/1.000,fp10k:0.000 detail=matched expectation with complete extraction and coverage
PASS case=line-wrap-only renderer=classic-xref-tj expected=none actual=none coverage=1.000/1.000 candidates=0 proven=0 precision=events:0/0/0:1.000/1.000/1.000,tokens:0/0/0:1.000/1.000/1.000,fp10k:0.000 detail=matched expectation with complete extraction and coverage
PASS case=double-line-wrap-only renderer=lopdf-tj expected=none actual=none coverage=1.000/1.000 candidates=0 proven=0 precision=events:0/0/0:1.000/1.000/1.000,tokens:0/0/0:1.000/1.000/1.000,fp10k:0.000 detail=matched expectation with complete extraction and coverage
PASS case=double-line-wrap-only renderer=classic-xref-tj expected=none actual=none coverage=1.000/1.000 candidates=0 proven=0 precision=events:0/0/0:1.000/1.000/1.000,tokens:0/0/0:1.000/1.000/1.000,fp10k:0.000 detail=matched expectation with complete extraction and coverage
PASS case=page-break-only renderer=lopdf-tj expected=none actual=none coverage=1.000/1.000 candidates=0 proven=0 precision=events:0/0/0:1.000/1.000/1.000,tokens:0/0/0:1.000/1.000/1.000,fp10k:0.000 detail=matched expectation with complete extraction and coverage
PASS case=page-break-only renderer=classic-xref-tj expected=none actual=none coverage=1.000/1.000 candidates=0 proven=0 precision=events:0/0/0:1.000/1.000/1.000,tokens:0/0/0:1.000/1.000/1.000,fp10k:0.000 detail=matched expectation with complete extraction and coverage
PASS case=column-change-only renderer=lopdf-tj expected=none actual=none coverage=1.000/1.000 candidates=0 proven=0 precision=events:0/0/0:1.000/1.000/1.000,tokens:0/0/0:1.000/1.000/1.000,fp10k:0.000 detail=matched expectation with complete extraction and coverage
PASS case=column-change-only renderer=classic-xref-tj expected=none actual=none coverage=1.000/1.000 candidates=0 proven=0 precision=events:0/0/0:1.000/1.000/1.000,tokens:0/0/0:1.000/1.000/1.000,fp10k:0.000 detail=matched expectation with complete extraction and coverage
PASS case=line-height-change-only renderer=lopdf-tj expected=none actual=none coverage=1.000/1.000 candidates=0 proven=0 precision=events:0/0/0:1.000/1.000/1.000,tokens:0/0/0:1.000/1.000/1.000,fp10k:0.000 detail=matched expectation with complete extraction and coverage
PASS case=line-height-change-only renderer=classic-xref-tj expected=none actual=none coverage=1.000/1.000 candidates=0 proven=0 precision=events:0/0/0:1.000/1.000/1.000,tokens:0/0/0:1.000/1.000/1.000,fp10k:0.000 detail=matched expectation with complete extraction and coverage
PASS case=margin-change-only renderer=lopdf-tj expected=none actual=none coverage=1.000/1.000 candidates=0 proven=0 precision=events:0/0/0:1.000/1.000/1.000,tokens:0/0/0:1.000/1.000/1.000,fp10k:0.000 detail=matched expectation with complete extraction and coverage
PASS case=margin-change-only renderer=classic-xref-tj expected=none actual=none coverage=1.000/1.000 candidates=0 proven=0 precision=events:0/0/0:1.000/1.000/1.000,tokens:0/0/0:1.000/1.000/1.000,fp10k:0.000 detail=matched expectation with complete extraction and coverage
PASS case=font-size-change-only renderer=lopdf-tj expected=none actual=none coverage=1.000/1.000 candidates=0 proven=0 precision=events:0/0/0:1.000/1.000/1.000,tokens:0/0/0:1.000/1.000/1.000,fp10k:0.000 detail=matched expectation with complete extraction and coverage
PASS case=font-size-change-only renderer=classic-xref-tj expected=none actual=none coverage=1.000/1.000 candidates=0 proven=0 precision=events:0/0/0:1.000/1.000/1.000,tokens:0/0/0:1.000/1.000/1.000,fp10k:0.000 detail=matched expectation with complete extraction and coverage
PASS case=page-size-change-only renderer=lopdf-tj expected=none actual=none coverage=1.000/1.000 candidates=0 proven=0 precision=events:0/0/0:1.000/1.000/1.000,tokens:0/0/0:1.000/1.000/1.000,fp10k:0.000 detail=matched expectation with complete extraction and coverage
PASS case=page-size-change-only renderer=classic-xref-tj expected=none actual=none coverage=1.000/1.000 candidates=0 proven=0 precision=events:0/0/0:1.000/1.000/1.000,tokens:0/0/0:1.000/1.000/1.000,fp10k:0.000 detail=matched expectation with complete extraction and coverage
PASS case=text-replacement renderer=lopdf-tj expected=replacement actual=replacement coverage=1.000/1.000 candidates=0 proven=0 precision=events:1/1/1:1.000/1.000/1.000,tokens:2/0/0:1.000/1.000/1.000,fp10k:0.000 detail=matched expectation with complete extraction and coverage
PASS case=text-replacement renderer=classic-xref-tj expected=replacement actual=replacement coverage=1.000/1.000 candidates=0 proven=0 precision=events:1/1/1:1.000/1.000/1.000,tokens:2/0/0:1.000/1.000/1.000,fp10k:0.000 detail=matched expectation with complete extraction and coverage
PASS case=paragraph-rewrite-low-overlap renderer=lopdf-tj expected=proven-changed-region actual=none coverage=0.660/0.670 candidates=0 proven=1 precision=events:0/0/0:1.000/1.000/1.000,tokens:0/0/0:1.000/1.000/1.000,fp10k:0.000 detail=matched proven changed-region expectation with complete extraction
PASS case=paragraph-rewrite-low-overlap renderer=classic-xref-tj expected=proven-changed-region actual=none coverage=0.660/0.670 candidates=0 proven=1 precision=events:0/0/0:1.000/1.000/1.000,tokens:0/0/0:1.000/1.000/1.000,fp10k:0.000 detail=matched proven changed-region expectation with complete extraction
PASS case=text-insertion renderer=lopdf-tj expected=candidate+proven-changed-region actual=none coverage=0.664/0.634 candidates=1 proven=1 precision=events:0/0/1:1.000/0.000/0.000,tokens:0/0/5:1.000/0.000/0.000,fp10k:0.000 detail=matched tentative candidate and proven changed-region expectation with complete extraction
PASS case=text-insertion renderer=classic-xref-tj expected=candidate+proven-changed-region actual=none coverage=0.664/0.634 candidates=1 proven=1 precision=events:0/0/1:1.000/0.000/0.000,tokens:0/0/5:1.000/0.000/0.000,fp10k:0.000 detail=matched tentative candidate and proven changed-region expectation with complete extraction
PASS case=text-deletion renderer=lopdf-tj expected=candidate+proven-changed-region actual=none coverage=0.634/0.664 candidates=1 proven=1 precision=events:0/0/1:1.000/0.000/0.000,tokens:0/0/5:1.000/0.000/0.000,fp10k:0.000 detail=matched tentative candidate and proven changed-region expectation with complete extraction
PASS case=text-deletion renderer=classic-xref-tj expected=candidate+proven-changed-region actual=none coverage=0.634/0.664 candidates=1 proven=1 precision=events:0/0/1:1.000/0.000/0.000,tokens:0/0/5:1.000/0.000/0.000,fp10k:0.000 detail=matched tentative candidate and proven changed-region expectation with complete extraction
PASS case=number-replacement renderer=lopdf-tj expected=replacement actual=replacement coverage=1.000/1.000 candidates=0 proven=0 precision=events:1/1/1:1.000/1.000/1.000,tokens:2/0/0:1.000/1.000/1.000,fp10k:0.000 detail=matched expectation with complete extraction and coverage
PASS case=number-replacement renderer=classic-xref-tj expected=replacement actual=replacement coverage=1.000/1.000 candidates=0 proven=0 precision=events:1/1/1:1.000/1.000/1.000,tokens:2/0/0:1.000/1.000/1.000,fp10k:0.000 detail=matched expectation with complete extraction and coverage
PASS case=paragraph-insertion renderer=lopdf-tj expected=insertion actual=insertion coverage=1.000/1.000 candidates=0 proven=0 precision=events:1/1/1:1.000/1.000/1.000,tokens:40/0/0:1.000/1.000/1.000,fp10k:0.000 detail=matched expectation with complete extraction and coverage
PASS case=paragraph-insertion renderer=classic-xref-tj expected=insertion actual=insertion coverage=1.000/1.000 candidates=0 proven=0 precision=events:1/1/1:1.000/1.000/1.000,tokens:40/0/0:1.000/1.000/1.000,fp10k:0.000 detail=matched expectation with complete extraction and coverage
PASS case=paragraph-deletion renderer=lopdf-tj expected=deletion actual=deletion coverage=1.000/1.000 candidates=0 proven=0 precision=events:1/1/1:1.000/1.000/1.000,tokens:39/0/0:1.000/1.000/1.000,fp10k:0.000 detail=matched expectation with complete extraction and coverage
PASS case=paragraph-deletion renderer=classic-xref-tj expected=deletion actual=deletion coverage=1.000/1.000 candidates=0 proven=0 precision=events:1/1/1:1.000/1.000/1.000,tokens:39/0/0:1.000/1.000/1.000,fp10k:0.000 detail=matched expectation with complete extraction and coverage
PASS case=paragraph-move renderer=lopdf-tj expected=move actual=move coverage=1.000/1.000 candidates=0 proven=0 precision=events:1/1/1:1.000/1.000/1.000,tokens:146/0/0:1.000/1.000/1.000,fp10k:0.000 detail=matched expectation with complete extraction and coverage
PASS case=paragraph-move renderer=classic-xref-tj expected=move actual=move coverage=1.000/1.000 candidates=0 proven=0 precision=events:1/1/1:1.000/1.000/1.000,tokens:146/0/0:1.000/1.000/1.000,fp10k:0.000 detail=matched expectation with complete extraction and coverage
PASS case=repeated-obligations-number-replacement renderer=lopdf-tj expected=replacement actual=replacement coverage=1.000/1.000 candidates=0 proven=0 precision=events:1/1/1:1.000/1.000/1.000,tokens:3/0/0:1.000/1.000/1.000,fp10k:0.000 detail=matched expectation with complete extraction and coverage
PASS case=repeated-obligations-number-replacement renderer=classic-xref-tj expected=replacement actual=replacement coverage=1.000/1.000 candidates=0 proven=0 precision=events:1/1/1:1.000/1.000/1.000,tokens:3/0/0:1.000/1.000/1.000,fp10k:0.000 detail=matched expectation with complete extraction and coverage
PASS case=repeated-terms-text-replacement renderer=lopdf-tj expected=replacement actual=replacement coverage=1.000/1.000 candidates=0 proven=0 precision=events:1/1/1:1.000/1.000/1.000,tokens:13/0/0:1.000/1.000/1.000,fp10k:0.000 detail=matched expectation with complete extraction and coverage
PASS case=repeated-terms-text-replacement renderer=classic-xref-tj expected=replacement actual=replacement coverage=1.000/1.000 candidates=0 proven=0 precision=events:1/1/1:1.000/1.000/1.000,tokens:13/0/0:1.000/1.000/1.000,fp10k:0.000 detail=matched expectation with complete extraction and coverage
PASS case=long-prose-double-reflow renderer=lopdf-tj expected=none actual=none coverage=1.000/1.000 candidates=0 proven=0 precision=events:0/0/0:1.000/1.000/1.000,tokens:0/0/0:1.000/1.000/1.000,fp10k:0.000 detail=matched expectation with complete extraction and coverage
PASS case=long-prose-double-reflow renderer=classic-xref-tj expected=none actual=none coverage=1.000/1.000 candidates=0 proven=0 precision=events:0/0/0:1.000/1.000/1.000,tokens:0/0/0:1.000/1.000/1.000,fp10k:0.000 detail=matched expectation with complete extraction and coverage
PASS case=numbered-requirement-text-insertion renderer=lopdf-tj expected=candidate+proven-changed-region actual=none coverage=0.669/0.610 candidates=1 proven=1 precision=events:0/0/1:1.000/0.000/0.000,tokens:0/0/14:1.000/0.000/0.000,fp10k:0.000 detail=matched tentative candidate and proven changed-region expectation with complete extraction
PASS case=numbered-requirement-text-insertion renderer=classic-xref-tj expected=candidate+proven-changed-region actual=none coverage=0.669/0.610 candidates=1 proven=1 precision=events:0/0/1:1.000/0.000/0.000,tokens:0/0/14:1.000/0.000/0.000,fp10k:0.000 detail=matched tentative candidate and proven changed-region expectation with complete extraction
PASS case=pagination-churn-mid-document renderer=lopdf-tj expected=none actual=none coverage=1.000/1.000 candidates=0 proven=0 precision=events:0/0/0:1.000/1.000/1.000,tokens:0/0/0:1.000/1.000/1.000,fp10k:0.000 detail=matched expectation with complete extraction and coverage
PASS case=pagination-churn-mid-document renderer=classic-xref-tj expected=none actual=none coverage=1.000/1.000 candidates=0 proven=0 precision=events:0/0/0:1.000/1.000/1.000,tokens:0/0/0:1.000/1.000/1.000,fp10k:0.000 detail=matched expectation with complete extraction and coverage
PASS case=footnote-like-paragraph-insertion renderer=lopdf-tj expected=insertion actual=insertion coverage=1.000/1.000 candidates=0 proven=0 precision=events:1/1/1:1.000/1.000/1.000,tokens:45/0/0:1.000/1.000/1.000,fp10k:0.000 detail=matched expectation with complete extraction and coverage
PASS case=footnote-like-paragraph-insertion renderer=classic-xref-tj expected=insertion actual=insertion coverage=1.000/1.000 candidates=0 proven=0 precision=events:1/1/1:1.000/1.000/1.000,tokens:45/0/0:1.000/1.000/1.000,fp10k:0.000 detail=matched expectation with complete extraction and coverage
PASS case=footnote-like-paragraph-deletion renderer=lopdf-tj expected=deletion actual=deletion coverage=1.000/1.000 candidates=0 proven=0 precision=events:1/1/1:1.000/1.000/1.000,tokens:47/0/0:1.000/1.000/1.000,fp10k:0.000 detail=matched expectation with complete extraction and coverage
PASS case=footnote-like-paragraph-deletion renderer=classic-xref-tj expected=deletion actual=deletion coverage=1.000/1.000 candidates=0 proven=0 precision=events:1/1/1:1.000/1.000/1.000,tokens:47/0/0:1.000/1.000/1.000,fp10k:0.000 detail=matched expectation with complete extraction and coverage
PASS case=section-labeled-paragraph-movement renderer=lopdf-tj expected=move actual=move coverage=1.000/1.000 candidates=0 proven=0 precision=events:1/1/1:1.000/1.000/1.000,tokens:68/0/0:1.000/1.000/1.000,fp10k:0.000 detail=matched expectation with complete extraction and coverage
PASS case=section-labeled-paragraph-movement renderer=classic-xref-tj expected=move actual=move coverage=1.000/1.000 candidates=0 proven=0 precision=events:1/1/1:1.000/1.000/1.000,tokens:68/0/0:1.000/1.000/1.000,fp10k:0.000 detail=matched expectation with complete extraction and coverage
strict author-intent accepted=42/48 renderer cells
candidate policy accepted=6/6 renderer cells
generated precision evaluated=48/48 complete events=20/26 reported=20 p=1.000 r=0.769 f1=0.870 tokens=tp:810,fp:0,fn:48 p=1.000 r=0.944 f1=0.971 fp_tokens_per_10k_unchanged=0.000
48/48 passed
