   Compiling pdfdelta-core v0.1.0 (/home/hayato/ghq/github.com/hayatosc/pdfdelta/crates/pdfdelta-core)
    Finished `test` profile [unoptimized + debuginfo] target(s) in 1.47s
     Running tests/document_text_scopes_fixture.rs (target/debug/deps/document_text_scopes_fixture-7f742ad567f64beb)

running 1 test
test finer_content_edges_preserve_the_trimmed_enclosing_paragraph ... FAILED

failures:

---- finer_content_edges_preserve_the_trimmed_enclosing_paragraph stdout ----

thread 'finer_content_edges_preserve_the_trimmed_enclosing_paragraph' (142) panicked at crates/pdfdelta-core/tests/document_text_scopes_fixture.rs:1358:5:
assertion failed: reviews.iter().any(|review|
        {
            review.old_sources ==
                        old.1.nodes[2].sources[.."An unchanged introduction. Budget 10.".len()]
                    &&
                    review.new_sources ==
                        new.1.nodes[2].sources[.."An unchanged introduction. Budget 20.".len()]
                &&
                review.source_cuts.as_ref().is_some_and(|cuts|
                        cuts.edge_refinement.is_some())
        })
note: run with `RUST_BACKTRACE=1` environment variable to display a backtrace


failures:
    finer_content_edges_preserve_the_trimmed_enclosing_paragraph

test result: FAILED. 0 passed; 1 failed; 0 ignored; 0 measured; 36 filtered out; finished in 0.01s

error: test failed, to rerun pass `-p pdfdelta-core --test document_text_scopes_fixture`
