Source registration: 36 panel pairs; 27 resolved body candidates; 13 independent producers
Control registration: 60 generated and 3 real-source metamorphic pairs
{
  "status": "passed",
  "freeze": {
    "path": "benchmark/realworld/source-boundaries/unseen-v3-freeze.json",
    "sha256": "b79a8674ed9d76bffc7949ecd7c937be7930ec8b066dbe681b80bc551211e1a9"
  },
  "development": {
    "path": "benchmark/realworld/source-boundaries/v40-development.json",
    "sha256": "309d89bf428b56f3cb77d5bc4161e213ae1a6cf9b994662f6b0662aa52e3c932"
  },
  "development_verification": {
    "path": "benchmark/realworld/source-boundaries/checks/v40-development-verification.log",
    "sha256": "1438c518a8ec51ce9012b4c2d3689faadd39e9cd4d25e197558e7e41a87dac06"
  },
  "prior_full_freeze_verification": {
    "path": "benchmark/realworld/source-boundaries/checks/unseen-v3-initial-freeze-verification.log",
    "sha256": "1438c518a8ec51ce9012b4c2d3689faadd39e9cd4d25e197558e7e41a87dac06"
  },
  "scope": "Full development verification retained for identical source, binary and configuration. Repeated the full blind_freeze validation after conservative producer grouping; all target literals and source extents are unchanged.",
  "pairs": 12,
  "independent_producers": 6
}
