lopdf-tj-unchanged-plain
lopdf-tj-unchanged-wrap
lopdf-tj-unchanged-page_break
lopdf-tj-unchanged-font_size
lopdf-tj-unchanged-columns
lopdf-tj-unchanged-paint_order
lopdf-tj-number-plain
lopdf-tj-number-wrap
lopdf-tj-number-page_break
lopdf-tj-number-font_size
lopdf-tj-number-columns
lopdf-tj-number-paint_order
lopdf-tj-unit-plain
lopdf-tj-unit-wrap
lopdf-tj-unit-page_break
lopdf-tj-unit-font_size
lopdf-tj-unit-columns
lopdf-tj-unit-paint_order
lopdf-tj-negation-plain
lopdf-tj-negation-wrap
lopdf-tj-negation-page_break
lopdf-tj-negation-font_size
lopdf-tj-negation-columns
lopdf-tj-negation-paint_order
lopdf-tj-affiliation-plain
lopdf-tj-affiliation-wrap
lopdf-tj-affiliation-page_break
lopdf-tj-affiliation-font_size
lopdf-tj-affiliation-columns
lopdf-tj-affiliation-paint_order
classic-xref-tj-unchanged-plain
classic-xref-tj-unchanged-wrap
classic-xref-tj-unchanged-page_break
classic-xref-tj-unchanged-font_size
classic-xref-tj-unchanged-columns
classic-xref-tj-unchanged-paint_order
classic-xref-tj-number-plain
classic-xref-tj-number-wrap
classic-xref-tj-number-page_break
classic-xref-tj-number-font_size
classic-xref-tj-number-columns
classic-xref-tj-number-paint_order
classic-xref-tj-unit-plain
classic-xref-tj-unit-wrap
classic-xref-tj-unit-page_break
classic-xref-tj-unit-font_size
classic-xref-tj-unit-columns
classic-xref-tj-unit-paint_order
classic-xref-tj-negation-plain
classic-xref-tj-negation-wrap
classic-xref-tj-negation-page_break
classic-xref-tj-negation-font_size
classic-xref-tj-negation-columns
classic-xref-tj-negation-paint_order
classic-xref-tj-affiliation-plain
classic-xref-tj-affiliation-wrap
classic-xref-tj-affiliation-page_break
classic-xref-tj-affiliation-font_size
classic-xref-tj-affiliation-columns
classic-xref-tj-affiliation-paint_order
irs-schedule-c-storage
irs-schedule-c-prepended_blank_page
irs-schedule-c-reverse
