FAIL development: source review is not bound to the frozen annotation and resolution
Source registration: 36 panel pairs; 27 resolved body candidates; 13 independent producers
Control registration: 60 generated and 3 real-source metamorphic pairs
{
  "G1": {
    "observed_pairs": 0,
    "required_pairs": 6,
    "observed_producers": 0,
    "required_producers": 3,
    "passed": false
  },
  "G2": {
    "observed_pairs": 0,
    "required_pairs": 3,
    "observed_producers": 0,
    "required_producers": 2,
    "passed": false
  },
  "G3": {
    "gained_pairs": [],
    "lost_pairs": [],
    "required_gain": 2,
    "allowed_losses": 0,
    "passed": false
  },
  "G4": {
    "passed": false
  },
  "G5": {
    "passed": false
  }
}
