nist-fips-186-4-to-5 0
irs-form-1040-2024-to-2025 0
nist-sp800-57-part1-r4-to-r5 0
edpb-right-of-access-v1-to-final 0
arxiv-attention-v6-to-v7 0
w3c-ws-policy-attach-20060927-to-20061102 0
ecma-109-ed10-to-ed11 0
oasis-csaf-v2-cs01-to-csd02 0
irs-w4-korean-2024-to-2025 0
hmrc-sa100-2023-to-2024 0
nist-sp800-171-r2-to-r3 0
bis-operational-risk-2011-to-2021 0
oasis-odf-packages-v1-2-to-v1-3 0
edpb-dark-patterns-v1-to-v2 0
qgis-pyqgis-en-328-to-334 1
jvms-se17-to-se21 0
bis-core-principles-2012-to-2024 0
nist-csf-v1-1-to-v2-0 0
kicad-getting-started-7-to-8 0
qgis-pyqgis-ja-328-to-334 0
qgis-doc-guidelines-es-328-to-334 1
oecd-corporate-governance-2015-to-2023 0
libreoffice-getting-started-74-to-75 1
gcc-13-3-to-13-4 1
khronos-data-format-1-3-to-1-4 0
postgresql-16-to-17 0
nasa-systems-engineering-handbook-rev1-to-rev2 0
unicode-standard-15-to-16 1
oasis-mqtt-311-to-50 0
