   Compiling typenum v1.20.1
   Compiling proc-macro2 v1.0.107
   Compiling cfg-if v1.0.4
   Compiling hybrid-array v0.4.14
   Compiling unicode-ident v1.0.24
   Compiling quote v1.0.47
   Compiling crypto-common v0.2.2
   Compiling syn v3.0.3
   Compiling block-padding v0.4.2
   Compiling inout v0.2.2
   Compiling cpufeatures v0.3.0
   Compiling serde_core v1.0.229
   Compiling libc v0.2.189
   Compiling cipher v0.5.2
   Compiling block-buffer v0.12.1
   Compiling anstyle v1.0.14
   Compiling rand_core v0.10.1
   Compiling const-oid v0.10.2
   Compiling getrandom v0.4.3
   Compiling crc32fast v1.5.0
   Compiling tinyvec_macros v0.1.1
   Compiling tinyvec v1.12.0
   Compiling digest v0.11.3
   Compiling encoding_rs v0.8.35
   Compiling adler2 v2.0.1
   Compiling alloc-no-stdlib v2.0.4
   Compiling memchr v2.8.3
   Compiling utf8parse v0.2.2
   Compiling autocfg v1.5.1
   Compiling zmij v1.0.23
   Compiling thiserror v2.0.20
   Compiling simd-adler32 v0.3.10
   Compiling miniz_oxide v0.8.9
   Compiling num-traits v0.2.19
   Compiling anstyle-parse v1.0.0
   Compiling alloc-stdlib v0.2.4
   Compiling unicode-normalization v0.1.25
   Compiling chacha20 v0.10.1
   Compiling thiserror-impl v2.0.20
   Compiling equivalent v1.0.2
   Compiling unicode-bidi v0.3.18
   Compiling itoa v1.0.18
   Compiling cpubits v0.1.1
   Compiling unicode-properties v0.1.4
   Compiling hashbrown v0.17.1
   Compiling colorchoice v1.0.5
   Compiling serde v1.0.229
   Compiling anstyle-query v1.1.5
   Compiling is_terminal_polyfill v1.70.2
   Compiling serde_json v1.0.151
   Compiling anstream v1.0.0
   Compiling indexmap v2.14.0
   Compiling stringprep v0.1.5
   Compiling aes v0.9.2
   Compiling rand v0.10.2
   Compiling flate2 v1.1.9
   Compiling brotli-decompressor v5.0.3
   Compiling nom v8.0.0
   Compiling md-5 v0.11.0
   Compiling sha2 v0.11.0
   Compiling serde_derive v1.0.229
   Compiling cbc v0.2.1
   Compiling ecb v0.2.0
   Compiling strsim v0.11.1
   Compiling log v0.4.33
   Compiling bitflags v2.13.1
   Compiling rangemap v1.8.0
   Compiling unicode-width v0.2.2
   Compiling clap_lex v1.1.0
   Compiling heck v0.5.0
   Compiling arraydeque v0.5.1
   Compiling weezl v0.2.1
   Compiling smallvec v1.15.2
   Compiling granit-parser v1.1.0
   Compiling lopdf v0.44.0 (https://github.com/J-F-Liu/lopdf?rev=1e3d646ca249ebf1a6ff479278c07e9c0f9377a8#1e3d646c)
   Compiling clap_derive v4.6.4
   Compiling clap_builder v4.6.6
   Compiling annotate-snippets v0.12.16
   Compiling encoding_rs_io v0.1.8
   Compiling unicode-segmentation v1.13.3
   Compiling pdfdelta-core v0.1.0 (/home/hayato/.herdr/worktrees/pdfdelta/worktree-green-forest-9bdb/crates/pdfdelta-core)
   Compiling serde-saphyr v1.1.0
   Compiling clap v4.6.6
   Compiling pdfdelta-bench v0.1.0 (/home/hayato/.herdr/worktrees/pdfdelta/worktree-green-forest-9bdb/crates/pdfdelta-bench)
    Finished `release` profile [optimized] target(s) in 2m 34s
