    Checking cfg-if v1.0.4
    Checking typenum v1.20.1
    Checking rand_core v0.10.1
    Checking cpufeatures v0.3.0
    Checking bitflags v2.13.1
    Checking const-oid v0.10.2
    Checking tinyvec_macros v0.1.1
    Checking libc v0.2.189
    Checking serde_core v1.0.229
    Checking adler2 v2.0.1
    Checking alloc-no-stdlib v2.0.4
    Checking memchr v2.8.3
    Checking simd-adler32 v0.3.10
    Checking encoding_rs v0.8.35
    Checking tinyvec v1.12.0
    Checking crc32fast v1.5.0
    Checking alloc-stdlib v0.2.4
    Checking hashbrown v0.17.1
    Checking equivalent v1.0.2
    Checking chacha20 v0.10.1
    Checking unicode-bidi v0.3.18
    Checking itoa v1.0.18
    Checking unicode-properties v0.1.4
    Checking miniz_oxide v0.8.9
    Checking cpubits v0.1.1
    Checking brotli-decompressor v5.0.3
    Checking thiserror v2.0.20
    Checking unicode-normalization v0.1.25
    Checking zmij v1.0.23
    Checking log v0.4.33
    Checking flate2 v1.1.9
    Checking rangemap v1.8.0
    Checking weezl v0.2.1
    Checking indexmap v2.14.0
    Checking unicode-segmentation v1.13.3
    Checking nom v8.0.0
    Checking num-traits v0.2.19
    Checking hybrid-array v0.4.14
    Checking linux-raw-sys v0.12.1
    Checking stringprep v0.1.5
    Checking anstyle v1.0.14
    Checking zerocopy v0.8.56
    Checking fastrand v2.5.0
    Checking once_cell v1.21.4
    Checking utf8parse v0.2.2
    Checking bit-vec v0.8.0
    Checking crypto-common v0.2.2
    Checking block-padding v0.4.2
    Checking block-buffer v0.12.1
    Checking anstyle-parse v1.0.0
    Checking inout v0.2.2
    Checking anstyle-query v1.1.5
    Checking is_terminal_polyfill v1.70.2
    Checking fnv v1.0.7
    Checking rustix v1.1.4
    Checking getrandom v0.4.3
    Checking getrandom v0.3.4
    Checking wait-timeout v0.2.1
    Checking quick-error v1.2.3
    Checking colorchoice v1.0.5
    Checking bit-set v0.8.0
    Checking strsim v0.11.1
    Checking regex-syntax v0.8.11
    Checking anstream v1.0.0
    Checking clap_lex v1.1.0
    Checking rand v0.10.2
    Checking unarray v0.1.4
    Checking rand_core v0.9.5
    Checking unicode-width v0.2.2
    Checking arraydeque v0.5.1
    Checking smallvec v1.15.2
    Checking clap_builder v4.6.6
    Checking encoding_rs_io v0.1.8
    Checking rand v0.9.5
    Checking rand_xorshift v0.4.0
    Checking annotate-snippets v0.12.16
    Checking granit-parser v1.1.0
    Checking cipher v0.5.2
    Checking digest v0.11.3
    Checking cbc v0.2.1
    Checking sha2 v0.11.0
    Checking md-5 v0.11.0
    Checking ecb v0.2.0
    Checking aes v0.9.2
    Checking serde v1.0.229
    Checking serde_json v1.0.151
    Checking serde-saphyr v1.1.0
    Checking tempfile v3.27.0
    Checking lopdf v0.44.0 (https://github.com/J-F-Liu/lopdf?rev=1e3d646ca249ebf1a6ff479278c07e9c0f9377a8#1e3d646c)
    Checking rusty-fork v0.3.1
    Checking clap v4.6.6
    Checking clap_complete v4.6.9
    Checking ppv-lite86 v0.2.21
    Checking rand_chacha v0.9.0
    Checking proptest v1.11.0
    Checking pdfdelta-core v0.1.0 (/home/hayato/.herdr/worktrees/pdfdelta/worktree-green-forest-9bdb/crates/pdfdelta-core)
    Checking pdfdelta-bench v0.1.0 (/home/hayato/.herdr/worktrees/pdfdelta/worktree-green-forest-9bdb/crates/pdfdelta-bench)
    Checking pdfdelta-cli v0.1.0 (/home/hayato/.herdr/worktrees/pdfdelta/worktree-green-forest-9bdb/crates/pdfdelta-cli)
    Finished `dev` profile [unoptimized + debuginfo] target(s) in 32.50s
