DIAG anchors [((0, 0), (0, 0), 519), ((0, 6), (0, 6), 522), ((0, 7), (0, 7), 523), ((0, 9), (0, 9), 524), ((2, 0), (2, 0), 468), ((2, 1), (2, 1), 470), ((2, 2), (2, 2), 472), ((2, 4), (2, 4), 482), ((2, 5), (2, 5), 489), ((2, 6), (2, 6), 493), ((2, 7), (2, 7), 497), ((2, 8), (2, 8), 506), ((2, 9), (2, 9), 508), ((2, 10), (2, 10), 510), ((2, 11), (2, 11), 512), ((2, 12), (2, 12), 514), ((2, 13), (2, 13), 515), ((2, 18), (2, 18), 516), ((2, 22), (2, 22), 517), ((2, 27), (2, 30), 518), ((3, 0), (3, 0), 469), ((3, 2), (3, 2), 475), ((3, 3), (3, 3), 487), ((3, 4), (3, 4), 492), ((3, 5), (3, 5), 496), ((3, 7), (3, 7), 507), ((3, 8), (3, 8), 509), ((3, 9), (3, 9), 511), ((3, 10), (3, 10), 513), ((4, 0), (4, 0), 471), ((4, 1), (4, 1), 478), ((4, 2), (4, 2), 484), ((4, 3), (4, 3), 503), ((5, 0), (5, 0), 476), ((5, 1), (5, 1), 486), ((5, 2), (5, 2), 495), ((5, 3), (5, 3), 499), ((6, 0), (6, 0), 477), ((6, 1), (6, 1), 483), ((6, 2), (6, 2), 504), ((7, 0), (7, 0), 479), ((7, 1), (7, 1), 485), ((7, 2), (7, 2), 505), ((8, 0), (8, 0), 488), ((9, 0), (9, 0), 490), ((10, 0), (10, 0), 491), ((11, 0), (11, 0), 494), ((12, 0), (12, 0), 498), ((13, 0), (13, 0), 502), ((14, 4), (14, 4), 461), ((18, 2), (19, 2), 462), ((18, 3), (19, 3), 463), ((18, 12), (23, 4), 464), ((18, 18), (23, 10), 465), ((18, 19), (23, 11), 466), ((18, 21), (23, 13), 467), ((21, 2), (24, 4), 457), ((21, 21), (24, 19), 458), ((21, 26), (24, 23), 459), ((21, 32), (24, 29), 460), ((24, 2), (24, 27), 453), ((24, 6), (26, 1), 454), ((24, 10), (26, 4), 455), ((24, 12), (26, 10), 456), ((25, 1), (30, 2), 401), ((25, 2), (30, 3), 402), ((27, 0), (33, 1), 404), ((27, 1), (33, 2), 405), ((27, 3), (30, 5), 410), ((27, 7), (36, 2), 415), ((27, 8), (36, 3), 416), ((28, 1), (41, 0), 417), ((28, 2), (41, 1), 418), ((28, 4), (40, 2), 422), ((28, 5), (68, 41), 423), ((28, 9), (63, 0), 427), ((28, 10), (88, 24), 428), ((28, 17), (31, 1), 436), ((28, 46), (26, 6), 450), ((28, 47), (26, 7), 451), ((28, 50), (44, 14), 452), ((29, 2), (64, 1), 386), ((29, 3), (65, 1), 387), ((29, 4), (66, 1), 388), ((29, 5), (67, 1), 389), ((29, 6), (68, 1), 390), ((29, 8), (64, 2), 391), ((29, 9), (65, 2), 392), ((29, 11), (67, 2), 393), ((29, 12), (68, 2), 394), ((29, 15), (44, 3), 395), ((29, 17), (44, 5), 396), ((29, 24), (59, 16), 397), ((30, 0), (45, 0), 344), ((30, 1), (45, 1), 348), ((30, 2), (45, 2), 350), ((30, 3), (45, 3), 352), ((30, 7), (45, 8), 361), ((30, 8), (45, 9), 362), ((31, 0), (46, 0), 345), ((31, 1), (46, 1), 347), ((31, 2), (46, 2), 349), ((32, 0), (47, 0), 346), ((33, 0), (48, 0), 351), ((34, 0), (49, 0), 353), ((35, 0), (50, 0), 354), ((36, 0), (51, 0), 355), ((37, 0), (52, 0), 356), ((38, 0), (53, 0), 357), ((39, 0), (54, 0), 358), ((40, 0), (55, 0), 363), ((40, 1), (55, 1), 367), ((40, 2), (55, 2), 369), ((40, 3), (55, 3), 370), ((40, 4), (55, 4), 371), ((40, 5), (55, 5), 373), ((40, 6), (55, 6), 375), ((40, 7), (55, 7), 377), ((40, 8), (55, 8), 381), ((41, 0), (56, 0), 364), ((41, 1), (56, 1), 365), ((42, 0), (57, 0), 366), ((42, 1), (57, 1), 368), ((43, 0), (58, 0), 372), ((44, 0), (59, 0), 374), ((44, 1), (59, 1), 376), ((44, 2), (59, 2), 378), ((44, 4), (59, 4), 382), ((44, 5), (59, 5), 383), ((44, 8), (44, 12), 384), ((44, 16), (77, 4), 385), ((45, 1), (68, 5), 184), ((45, 3), (68, 7), 186), ((45, 4), (68, 8), 187), ((45, 5), (68, 9), 188), ((45, 6), (68, 10), 189), ((45, 12), (68, 16), 197), ((45, 13), (68, 17), 198), ((45, 14), (68, 18), 199), ((45, 15), (68, 19), 200), ((45, 16), (68, 20), 201), ((45, 17), (68, 21), 202), ((45, 19), (68, 23), 203), ((45, 20), (68, 24), 204), ((45, 21), (68, 25), 205), ((45, 23), (68, 28), 206), ((45, 24), (68, 29), 207), ((45, 25), (68, 30), 208), ((45, 26), (68, 31), 209), ((45, 29), (68, 33), 210), ((45, 30), (68, 34), 211), ((45, 32), (68, 36), 215), ((45, 33), (68, 37), 216), ((45, 34), (68, 38), 217), ((45, 35), (68, 39), 218), ((45, 36), (68, 40), 219), ((45, 38), (68, 42), 222), ((45, 39), (68, 43), 223), ((45, 40), (68, 44), 224), ((45, 42), (68, 47), 225), ((45, 43), (68, 48), 230), ((45, 44), (68, 49), 235), ((45, 45), (68, 50), 240), ((45, 47), (68, 52), 273), ((46, 0), (67, 3), 226), ((46, 1), (67, 4), 232), ((46, 2), (67, 5), 237), ((47, 0), (69, 0), 227), ((48, 0), (70, 0), 228), ((49, 0), (71, 0), 229), ((49, 1), (71, 1), 234), ((49, 2), (71, 2), 238), ((49, 4), (71, 4), 272), ((50, 0), (72, 0), 231), ((51, 0), (63, 5), 233), ((51, 1), (63, 6), 236), ((51, 2), (63, 7), 239), ((51, 3), (63, 8), 243), ((51, 12), (78, 6), 343), ((52, 2), (60, 8), 263), ((52, 3), (60, 9), 271), ((55, 1), (60, 2), 171), ((55, 3), (62, 0), 172), ((55, 5), (62, 3), 173), ((55, 6), (62, 4), 174), ((55, 9), (63, 4), 175), ((55, 14), (77, 2), 176), ((56, 1), (78, 4), 146), ((56, 3), (79, 3), 147), ((56, 5), (79, 5), 148), ((56, 6), (79, 6), 149), ((56, 7), (79, 7), 150), ((56, 8), (79, 8), 151), ((56, 9), (79, 9), 152), ((56, 10), (79, 10), 153), ((56, 12), (79, 12), 154), ((56, 13), (79, 13), 155), ((56, 15), (79, 15), 156), ((56, 16), (79, 16), 157), ((56, 17), (79, 17), 158), ((56, 18), (79, 18), 159), ((56, 19), (79, 19), 160), ((56, 20), (79, 20), 161), ((56, 21), (79, 21), 162), ((56, 22), (79, 22), 163), ((56, 23), (79, 23), 164), ((56, 24), (79, 24), 165), ((56, 26), (79, 26), 168), ((56, 27), (79, 27), 169), ((56, 28), (80, 44), 170), ((57, 0), (80, 0), 104), ((57, 1), (80, 1), 105), ((57, 2), (80, 2), 106), ((57, 3), (80, 3), 107), ((57, 4), (80, 4), 108), ((57, 5), (80, 5), 109), ((57, 6), (80, 6), 110), ((57, 7), (80, 7), 111), ((57, 8), (80, 8), 112), ((57, 9), (80, 9), 113), ((57, 10), (80, 10), 114), ((57, 11), (80, 11), 115), ((57, 12), (80, 12), 116), ((57, 13), (80, 13), 117), ((57, 14), (80, 14), 118), ((57, 15), (80, 15), 119), ((57, 16), (80, 16), 120), ((57, 17), (80, 17), 121), ((57, 18), (80, 18), 122), ((57, 19), (80, 19), 123), ((57, 20), (80, 20), 124), ((57, 21), (80, 21), 125), ((57, 22), (80, 22), 126), ((57, 23), (80, 23), 127), ((57, 24), (80, 24), 128), ((57, 25), (80, 25), 129), ((57, 26), (80, 26), 130), ((57, 27), (80, 27), 131), ((57, 28), (80, 28), 132), ((57, 29), (80, 29), 133), ((57, 30), (80, 30), 134), ((57, 33), (80, 36), 135), ((57, 34), (80, 37), 136), ((57, 36), (80, 42), 137), ((57, 37), (80, 43), 138), ((57, 39), (81, 1), 139), ((57, 40), (81, 2), 140), ((57, 42), (81, 17), 141), ((57, 44), (81, 19), 142), ((57, 46), (81, 47), 145), ((58, 0), (81, 21), 74), ((58, 1), (81, 22), 75), ((58, 3), (81, 24), 76), ((58, 4), (81, 25), 77), ((58, 5), (81, 26), 78), ((58, 6), (81, 27), 79), ((58, 7), (81, 28), 80), ((58, 9), (81, 30), 81), ((58, 10), (81, 31), 82), ((58, 12), (81, 33), 83), ((58, 13), (81, 34), 84), ((58, 16), (81, 37), 85), ((58, 19), (81, 40), 86), ((58, 23), (81, 44), 87), ((58, 25), (81, 46), 88), ((58, 26), (82, 0), 89), ((58, 27), (82, 1), 90), ((58, 29), (82, 3), 91), ((58, 30), (82, 4), 92), ((58, 32), (82, 6), 93), ((58, 33), (82, 7), 94), ((58, 34), (82, 8), 95), ((58, 35), (82, 9), 96), ((58, 37), (82, 11), 97), ((58, 38), (82, 12), 98), ((58, 40), (82, 14), 99), ((58, 41), (82, 15), 100), ((58, 42), (82, 16), 101), ((58, 43), (82, 17), 102), ((58, 44), (82, 45), 103), ((59, 1), (82, 19), 45), ((59, 2), (82, 20), 46), ((59, 3), (82, 21), 47), ((59, 5), (82, 23), 48), ((59, 6), (82, 24), 49), ((59, 8), (82, 26), 50), ((59, 10), (82, 28), 51), ((59, 11), (82, 29), 52), ((59, 13), (82, 34), 53), ((59, 14), (82, 35), 54), ((59, 15), (82, 36), 55), ((59, 16), (82, 37), 56), ((59, 18), (82, 39), 57), ((59, 19), (82, 40), 58), ((59, 20), (82, 41), 59), ((59, 22), (82, 43), 60), ((59, 26), (83, 3), 61), ((59, 28), (83, 10), 62), ((59, 29), (83, 11), 63), ((59, 30), (83, 12), 64), ((59, 31), (83, 13), 65), ((59, 33), (83, 15), 66), ((59, 34), (83, 16), 67), ((59, 35), (83, 17), 68), ((59, 36), (83, 18), 69), ((59, 38), (83, 20), 70), ((59, 39), (83, 21), 71), ((59, 40), (83, 22), 72), ((59, 43), (83, 46), 73), ((60, 1), (83, 29), 19), ((60, 2), (83, 30), 20), ((60, 6), (83, 34), 23), ((60, 8), (83, 36), 24), ((60, 9), (83, 37), 25), ((60, 11), (83, 39), 26), ((60, 12), (83, 40), 27), ((60, 20), (84, 1), 32), ((60, 21), (84, 2), 33), ((60, 22), (84, 3), 34), ((60, 23), (84, 4), 35), ((60, 25), (84, 6), 36), ((60, 26), (84, 7), 37), ((60, 29), (84, 10), 38), ((60, 34), (84, 16), 39), ((60, 35), (84, 17), 40), ((60, 36), (84, 18), 41), ((60, 37), (84, 19), 42), ((60, 40), (84, 22), 43), ((61, 0), (84, 38), 44), ((62, 1), (84, 24), 5), ((62, 2), (84, 25), 6), ((62, 3), (84, 26), 7), ((62, 4), (84, 27), 8), ((62, 7), (84, 30), 9), ((62, 9), (84, 32), 10), ((62, 10), (84, 33), 11), ((62, 12), (84, 35), 12), ((62, 13), (84, 36), 13), ((62, 14), (84, 37), 14), ((62, 18), (85, 5), 15), ((62, 20), (85, 7), 16), ((62, 21), (85, 8), 17), ((62, 22), (85, 9), 18), ((63, 0), (86, 5), 2), ((63, 4), (87, 1), 3), ((63, 10), (86, 15), 4), ((64, 4), (87, 11), 0), ((64, 11), (87, 16), 1)] remaining 837698
DIAG compare [NodeId(20), NodeId(21), NodeId(23), NodeId(24), NodeId(25)] [NodeId(21), NodeId(22), NodeId(23), NodeId(25), NodeId(26)] remaining 837698
DIAG outcome Err(Unresolved("unmapped or private-use glyph identities do not prove a native text change"))
DIAG compare [NodeId(28)] [NodeId(29)] remaining 837698
DIAG outcome Err(Unresolved("group text normalization has no source-validated interpretation family"))
DIAG compare [NodeId(43)] [NodeId(43)] remaining 837698
DIAG outcome Ok((true, [], false))
DIAG compare [NodeId(77), NodeId(78), NodeId(79), NodeId(80)] [NodeId(77), NodeId(78), NodeId(79), NodeId(80)] remaining 837698
DIAG outcome Err(Unresolved("unmapped or private-use glyph identities do not prove a native text change"))
DIAG compare [NodeId(82), NodeId(83), NodeId(84)] [NodeId(82), NodeId(83), NodeId(84)] remaining 837698
DIAG outcome Err(Unresolved("group text normalization has no source-validated interpretation family"))
DIAG compare [NodeId(86), NodeId(87), NodeId(88), NodeId(89)] [NodeId(86), NodeId(87), NodeId(88), NodeId(89), NodeId(90), NodeId(91), NodeId(92)] remaining 837698
DIAG outcome Err(Unresolved("unmapped or private-use glyph identities do not prove a native text change"))
DIAG compare [NodeId(37)] [NodeId(37)] remaining 837698
DIAG outcome Ok((true, [], false))
DIAG compare [NodeId(62)] [NodeId(62)] remaining 837698
DIAG outcome Ok((true, [], false))
DIAG compare [NodeId(121), NodeId(122), NodeId(123), NodeId(124), NodeId(125)] [NodeId(123), NodeId(124), NodeId(125), NodeId(126), NodeId(127)] remaining 837698
DIAG outcome Err(Unresolved("unmapped or private-use glyph identities do not prove a native text change"))
DIAG compare [NodeId(128)] [NodeId(130)] remaining 837698
DIAG outcome Err(Unresolved("unmapped or private-use glyph identities do not prove a native text change"))
DIAG compare [NodeId(133), NodeId(134), NodeId(135), NodeId(136), NodeId(139), NodeId(140), NodeId(141), NodeId(142), NodeId(143), NodeId(144), NodeId(145), NodeId(146), NodeId(147), NodeId(148), NodeId(149), NodeId(150), NodeId(151), NodeId(152)] [NodeId(137), NodeId(138), NodeId(140), NodeId(141), NodeId(142), NodeId(143), NodeId(144), NodeId(145), NodeId(146), NodeId(147), NodeId(148), NodeId(149), NodeId(150), NodeId(151)] remaining 837698
DIAG outcome Err(Unresolved("unmapped or private-use glyph identities do not prove a native text change"))
DIAG compare [NodeId(154), NodeId(155), NodeId(156), NodeId(157)] [NodeId(153), NodeId(154), NodeId(155)] remaining 837698
DIAG outcome Err(Unresolved("group text normalization has no source-validated interpretation family"))
DIAG compare [NodeId(172), NodeId(173), NodeId(174)] [NodeId(165), NodeId(166)] remaining 837698
DIAG outcome Err(Unresolved("group text normalization has no source-validated interpretation family"))
DIAG compare [NodeId(261)] [NodeId(213)] remaining 837698
DIAG outcome Err(Unresolved("group text normalization has no source-validated interpretation family"))
DIAG compare [NodeId(285), NodeId(286), NodeId(287)] [NodeId(239), NodeId(240), NodeId(241), NodeId(242)] remaining 837698
DIAG outcome Err(Unresolved("unmapped or private-use glyph identities do not prove a native text change"))
DIAG compare [NodeId(307)] [NodeId(262)] remaining 837698
DIAG outcome Ok((true, ["layout-derived space boundaries retain both spacing interpretations"], false))
DIAG compare [NodeId(324)] [NodeId(313)] remaining 837698
DIAG outcome Ok((true, [], false))
DIAG compare [NodeId(329), NodeId(330), NodeId(331), NodeId(332), NodeId(333)] [NodeId(318), NodeId(319), NodeId(320), NodeId(321), NodeId(322)] remaining 837698
DIAG outcome Ok((true, ["layout-derived space boundaries retain both spacing interpretations"], false))
DIAG compare [NodeId(340)] [NodeId(329)] remaining 837698
DIAG outcome Ok((true, [], true))
DIAG before closure 837698
DIAG closure reject original line 717
DIAG compare [NodeId(344)] [NodeId(333), NodeId(334)] remaining 837619
DIAG outcome Ok((true, ["layout-derived space boundaries retain both spacing interpretations"], false))
DIAG compare [NodeId(349), NodeId(350)] [NodeId(339)] remaining 837619
DIAG outcome Ok((true, ["layout-derived space boundaries retain both spacing interpretations"], true))
DIAG before closure 837619
DIAG closure reject original line 717
DIAG compare [NodeId(353)] [NodeId(342)] remaining 837538
DIAG outcome Ok((true, [], false))
DIAG compare [NodeId(363)] [NodeId(352), NodeId(353)] remaining 837538
DIAG outcome Err(Unresolved("group text normalization has no source-validated interpretation family"))
DIAG compare [NodeId(385)] [NodeId(375)] remaining 837538
DIAG outcome Ok((true, [], false))
DIAG compare [NodeId(384)] [NodeId(374)] remaining 837538
DIAG outcome Ok((true, [], false))
DIAG compare [NodeId(423)] [NodeId(287), NodeId(293)] remaining 837538
DIAG outcome Ok((true, ["layout-derived space boundaries retain both spacing interpretations"], false))
DIAG compare [NodeId(443)] [NodeId(416)] remaining 837538
DIAG outcome Ok((true, ["normalization hypothesis combinations exceeded its limit of 18446744073709551615", "source token multiplicity proves change; exact normalization masks remain unresolved", "layout-derived space boundaries retain both spacing interpretations"], true))
DIAG before closure 837538
DIAG old closure passed 834152
DIAG new closure passed 830486
DIAG compare [NodeId(450)] [NodeId(423)] remaining 829371
DIAG outcome Err(Unresolved("group text normalization has no source-validated interpretation family"))
DIAG compare [NodeId(453)] [NodeId(426)] remaining 829371
DIAG outcome Err(Unresolved("group text normalization has no source-validated interpretation family"))
DIAG compare [NodeId(464)] [NodeId(437)] remaining 829371
DIAG outcome Ok((false, ["local character proof did not finish within its work budget", "layout-derived space boundaries retain both spacing interpretations"], false))
DIAG compare [NodeId(499), NodeId(500)] [NodeId(472), NodeId(473), NodeId(474), NodeId(475), NodeId(476)] remaining 829371
DIAG outcome Err(Unresolved("group text normalization has no source-validated interpretation family"))
DIAG compare [NodeId(503)] [NodeId(479), NodeId(480), NodeId(481), NodeId(482)] remaining 829371
DIAG outcome Err(Unresolved("group text normalization has no source-validated interpretation family"))
DIAG compare [NodeId(509)] [NodeId(489), NodeId(490), NodeId(491), NodeId(492), NodeId(493), NodeId(494), NodeId(495), NodeId(496), NodeId(497), NodeId(498), NodeId(499), NodeId(500), NodeId(501), NodeId(502)] remaining 829371
DIAG outcome Err(Unresolved("group text normalization has no source-validated interpretation family"))
DIAG compare [NodeId(511)] [NodeId(504)] remaining 829371
DIAG outcome Ok((true, ["local character proof did not finish within its work budget", "source token multiplicity proves change; exact normalization masks remain unresolved", "layout-derived space boundaries retain both spacing interpretations"], true))
DIAG before closure 829371
DIAG old closure passed 825722
DIAG new closure passed 821930
DIAG compare [NodeId(517)] [NodeId(509)] remaining 821696
DIAG outcome Ok((true, ["local character proof did not finish within its work budget", "source token multiplicity proves change; exact normalization masks remain unresolved", "layout-derived space boundaries retain both spacing interpretations"], true))
DIAG before closure 821696
DIAG closure reject original line 717
DIAG compare [NodeId(523)] [NodeId(515)] remaining 821501
DIAG outcome Ok((true, ["local character proof did not finish within its work budget", "source token multiplicity proves change; exact normalization masks remain unresolved", "layout-derived space boundaries retain both spacing interpretations"], true))
DIAG before closure 821501
DIAG old closure passed 817597
DIAG new closure passed 813799
DIAG compare [NodeId(526)] [NodeId(518)] remaining 813565
DIAG outcome Ok((true, ["local character proof did not finish within its work budget", "source token multiplicity proves change; exact normalization masks remain unresolved", "layout-derived space boundaries retain both spacing interpretations"], true))
DIAG before closure 813565
DIAG old closure passed 809665
DIAG new closure passed 805871
DIAG compare [NodeId(529), NodeId(530)] [NodeId(521), NodeId(522)] remaining 805631
DIAG outcome Err(Unresolved("group text normalization has no source-validated interpretation family"))
DIAG compare [NodeId(532), NodeId(533)] [NodeId(524), NodeId(525)] remaining 805631
DIAG outcome Ok((true, ["normalization hypothesis combinations exceeded its limit of 18446744073709551615", "source token multiplicity proves change; exact normalization masks remain unresolved", "layout-derived space boundaries retain both spacing interpretations"], true))
DIAG before closure 805631
DIAG closure reject original line 717
DIAG compare [NodeId(535), NodeId(536), NodeId(537)] [NodeId(527), NodeId(528), NodeId(529)] remaining 805189
DIAG outcome Err(Unresolved("group text normalization has no source-validated interpretation family"))
DIAG compare [NodeId(539)] [NodeId(531)] remaining 805189
DIAG outcome Ok((true, ["local character proof did not finish within its work budget", "source token multiplicity proves change; exact normalization masks remain unresolved", "layout-derived space boundaries retain both spacing interpretations"], true))
DIAG before closure 805189
DIAG old closure passed 801279
DIAG new closure passed 797475
DIAG compare [NodeId(543)] [NodeId(536)] remaining 797235
DIAG outcome Ok((true, ["local character proof did not finish within its work budget", "source token multiplicity proves change; exact normalization masks remain unresolved", "layout-derived space boundaries retain both spacing interpretations"], true))
DIAG before closure 797235
DIAG old closure passed 793303
DIAG new closure passed 789457
DIAG compare [NodeId(546)] [NodeId(539)] remaining 789247
DIAG outcome Ok((true, ["local character proof did not finish within its work budget", "source token multiplicity proves change; exact normalization masks remain unresolved", "layout-derived space boundaries retain both spacing interpretations"], true))
DIAG before closure 789247
DIAG old closure passed 785345
DIAG new closure passed 781529
DIAG compare [NodeId(551)] [NodeId(544)] remaining 781281
DIAG outcome Ok((true, ["local character proof did not finish within its work budget", "source token multiplicity proves change; exact normalization masks remain unresolved", "layout-derived space boundaries retain both spacing interpretations"], true))
DIAG before closure 781281
DIAG old closure passed 777437
DIAG new closure passed 773679
DIAG compare [NodeId(554)] [NodeId(547)] remaining 773449
DIAG outcome Ok((true, ["local character proof did not finish within its work budget", "source token multiplicity proves change; exact normalization masks remain unresolved", "layout-derived space boundaries retain both spacing interpretations"], true))
DIAG before closure 773449
DIAG old closure passed 769585
DIAG new closure passed 765807
DIAG compare [NodeId(564)] [NodeId(556)] remaining 765567
DIAG outcome Ok((true, ["local character proof did not finish within its work budget", "source token multiplicity proves change; exact normalization masks remain unresolved", "layout-derived space boundaries retain both spacing interpretations"], true))
DIAG before closure 765567
DIAG old closure passed 761750
DIAG new closure passed 757985
DIAG compare [NodeId(567)] [NodeId(559)] remaining 757735
DIAG outcome Ok((true, ["local character proof did not finish within its work budget", "source token multiplicity proves change; exact normalization masks remain unresolved", "layout-derived space boundaries retain both spacing interpretations"], true))
DIAG before closure 757735
DIAG old closure passed 753871
DIAG new closure passed 750059
DIAG compare [NodeId(569)] [NodeId(561)] remaining 749807
DIAG outcome Ok((true, ["local character proof did not finish within its work budget", "source token multiplicity proves change; exact normalization masks remain unresolved", "layout-derived space boundaries retain both spacing interpretations"], true))
DIAG before closure 749807
DIAG old closure passed 745867
DIAG new closure passed 741979
DIAG compare [NodeId(572)] [NodeId(564), NodeId(565), NodeId(566), NodeId(567)] remaining 741751
DIAG outcome Ok((true, ["local character proof did not finish within its work budget", "source token multiplicity proves change; exact normalization masks remain unresolved", "layout-derived space boundaries retain both spacing interpretations"], true))
DIAG before closure 741751
DIAG old closure passed 737926
DIAG new closure passed 733918
DIAG compare [NodeId(577)] [NodeId(572)] remaining 732827
DIAG outcome Ok((true, ["local character proof did not finish within its work budget", "source token multiplicity proves change; exact normalization masks remain unresolved", "layout-derived space boundaries retain both spacing interpretations"], true))
DIAG before closure 732827
DIAG old closure passed 728958
DIAG new closure passed 725141
DIAG compare [NodeId(581)] [NodeId(576)] remaining 724887
DIAG outcome Ok((true, ["local character proof did not finish within its work budget", "source token multiplicity proves change; exact normalization masks remain unresolved", "layout-derived space boundaries retain both spacing interpretations"], true))
DIAG before closure 724887
DIAG old closure passed 721003
DIAG new closure passed 717171
DIAG compare [NodeId(587)] [NodeId(584), NodeId(585), NodeId(586), NodeId(587), NodeId(588), NodeId(589)] remaining 716945
DIAG outcome Ok((true, ["normalization hypothesis combinations exceeded its limit of 18446744073709551615", "source token multiplicity proves change; exact normalization masks remain unresolved", "layout-derived space boundaries retain both spacing interpretations"], true))
DIAG before closure 716945
DIAG old closure passed 713088
DIAG new closure passed 708892
DIAG compare [NodeId(592)] [NodeId(594)] remaining 707334
DIAG outcome Ok((true, ["local character proof did not finish within its work budget", "source token multiplicity proves change; exact normalization masks remain unresolved", "layout-derived space boundaries retain both spacing interpretations"], true))
DIAG before closure 707334
DIAG old closure passed 703464
DIAG new closure passed 699670
DIAG compare [NodeId(597)] [NodeId(599)] remaining 699428
DIAG outcome Ok((true, ["local character proof did not finish within its work budget", "source token multiplicity proves change; exact normalization masks remain unresolved", "layout-derived space boundaries retain both spacing interpretations"], true))
DIAG before closure 699428
DIAG old closure passed 695568
DIAG new closure passed 691784
DIAG compare [NodeId(607), NodeId(608), NodeId(609)] [NodeId(611), NodeId(612), NodeId(613)] remaining 691544
DIAG outcome Err(Unresolved("group text normalization has no source-validated interpretation family"))
DIAG compare [NodeId(611)] [NodeId(615)] remaining 691544
DIAG outcome Ok((true, ["local character proof did not finish within its work budget", "source token multiplicity proves change; exact normalization masks remain unresolved", "layout-derived space boundaries retain both spacing interpretations"], true))
DIAG before closure 691544
DIAG old closure passed 687683
DIAG new closure passed 683812
DIAG compare [NodeId(614)] [NodeId(618)] remaining 683580
DIAG outcome Ok((true, ["local character proof did not finish within its work budget", "source token multiplicity proves change; exact normalization masks remain unresolved", "layout-derived space boundaries retain both spacing interpretations"], true))
DIAG before closure 683580
DIAG old closure passed 679855
DIAG new closure passed 676120
DIAG compare [NodeId(628)] [NodeId(632)] remaining 675896
DIAG outcome Ok((true, ["local character proof did not finish within its work budget", "source token multiplicity proves change; exact normalization masks remain unresolved", "layout-derived space boundaries retain both spacing interpretations"], true))
DIAG before closure 675896
DIAG old closure passed 672128
DIAG new closure passed 668352
DIAG compare [NodeId(631), NodeId(632)] [NodeId(635), NodeId(636)] remaining 668114
DIAG outcome Err(Unresolved("group text normalization has no source-validated interpretation family"))
DIAG compare [NodeId(634), NodeId(635), NodeId(636), NodeId(637)] [NodeId(638), NodeId(639), NodeId(640), NodeId(641), NodeId(642)] remaining 668114
DIAG outcome Err(Unresolved("group text normalization has no source-validated interpretation family"))
DIAG compare [NodeId(642), NodeId(643)] [NodeId(647), NodeId(648)] remaining 668114
DIAG outcome Err(Unresolved("group text normalization has no source-validated interpretation family"))
DIAG compare [NodeId(651), NodeId(652)] [NodeId(655), NodeId(656)] remaining 668114
DIAG outcome Ok((true, ["normalization hypothesis combinations exceeded its limit of 18446744073709551615", "source token multiplicity proves change; exact normalization masks remain unresolved", "layout-derived space boundaries retain both spacing interpretations"], true))
DIAG before closure 668114
DIAG old closure passed 665744
DIAG new closure passed 661901
DIAG compare [NodeId(654)] [NodeId(658)] remaining 661253
DIAG outcome Ok((true, ["local character proof did not finish within its work budget", "source token multiplicity proves change; exact normalization masks remain unresolved", "layout-derived space boundaries retain both spacing interpretations"], true))
DIAG before closure 661253
DIAG old closure passed 658918
DIAG new closure passed 655110
DIAG compare [NodeId(657)] [NodeId(661)] remaining 654888
DIAG outcome Ok((true, ["local character proof did not finish within its work budget", "source token multiplicity proves change; exact normalization masks remain unresolved", "layout-derived space boundaries retain both spacing interpretations"], true))
DIAG before closure 654888
DIAG old closure passed 652528
DIAG new closure passed 648695
DIAG compare [NodeId(665)] [NodeId(672)] remaining 648461
DIAG outcome Ok((true, ["local character proof did not finish within its work budget", "source token multiplicity proves change; exact normalization masks remain unresolved", "layout-derived space boundaries retain both spacing interpretations"], true))
DIAG before closure 648461
DIAG old closure passed 646169
DIAG new closure passed 644921
DIAG compare [NodeId(685), NodeId(686), NodeId(687), NodeId(688), NodeId(689), NodeId(690)] [NodeId(704), NodeId(705), NodeId(706), NodeId(707)] remaining 644679
DIAG outcome Err(Unresolved("group text normalization has no source-validated interpretation family"))
