FAIL pair=nist-sp800-57-part1-r4-to-r5 set=dev role=standard provenance=verified compared=false runtime_ms=636123 failure="comparison failed: invalid configuration: proven changed region"
0/1 revision pairs healthy; 0 stopped at resource limits; 1 failed
Command exited with non-zero status 1
	Command being timed: "/tmp/pdfdelta-issue12-adjacent-pdfbench revisions --manifest benchmark/realworld/manifest.tsv --cache-dir benchmark/realworld/cache --set dev --pair nist-sp800-57-part1-r4-to-r5 --json-output benchmark/realworld/results/2026-09-08-issue12-local-comparison/adjacent-sp800-raw.json --summary-json-output benchmark/realworld/results/2026-09-08-issue12-local-comparison/adjacent-sp800-summary.json --evaluation-json-output benchmark/realworld/results/2026-09-08-issue12-local-comparison/adjacent-sp800-evaluation.json"
	User time (seconds): 632.63
	System time (seconds): 2.66
	Percent of CPU this job got: 99%
	Elapsed (wall clock) time (h:mm:ss or m:ss): 10:36.36
	Average shared text size (kbytes): 0
	Average unshared data size (kbytes): 0
	Average stack size (kbytes): 0
	Average total size (kbytes): 0
	Maximum resident set size (kbytes): 1610816
	Average resident set size (kbytes): 0
	Major (requiring I/O) page faults: 0
	Minor (reclaiming a frame) page faults: 797279
	Voluntary context switches: 47
	Involuntary context switches: 3642
	Swaps: 0
	File system inputs: 0
	File system outputs: 56
	Socket messages sent: 0
	Socket messages received: 0
	Signals delivered: 0
	Page size (bytes): 4096
	Exit status: 1
