LIMIT pair=ecma-109-ed10-to-ed11 set=dev role=stress provenance=verified extracted=complete comparison=incomplete coverage=old=0.611,new=0.611,comp=0.611 unresolved=884 reported=20 expected=3 recall=0.000 precision=unknown kind=unknown hunks/matched=unknown tinyFP=11 runtime_ms=10268 candidate_visits=20650/16000000 required_candidate_visits=20650 required_candidate_components=exact:1,ngram:20649,short_fallback:0 visit_pressure=p50:1870,p95:16190,max:22957,upper:2834114,limit:16000000,upper_exceeds:false ngram_pressure=total:2928468,dominant:84645,df:297,shared:3326,top10:611043,n50:50,n90:307,df_p50:3,df_p95:64,df_max:297 limit_failure="comparison assessment search reached a resource limit" quality_skipped="comparison stopped at a resource limit"
0/1 revision pairs healthy; 1 stopped at resource limits; 0 failed
Command exited with non-zero status 1
	Command being timed: "/tmp/pdfdelta-issue12-assessed-pdfbench revisions --manifest benchmark/realworld/manifest.tsv --cache-dir benchmark/realworld/cache --set dev --pair ecma-109-ed10-to-ed11 --json-output benchmark/realworld/results/2026-09-08-issue12-local-comparison/assessed-ecma-raw.json --summary-json-output benchmark/realworld/results/2026-09-08-issue12-local-comparison/assessed-ecma-summary.json --evaluation-json-output benchmark/realworld/results/2026-09-08-issue12-local-comparison/assessed-ecma-evaluation.json"
	User time (seconds): 9.85
	System time (seconds): 0.51
	Percent of CPU this job got: 100%
	Elapsed (wall clock) time (h:mm:ss or m:ss): 0:10.33
	Average shared text size (kbytes): 0
	Average unshared data size (kbytes): 0
	Average stack size (kbytes): 0
	Average total size (kbytes): 0
	Maximum resident set size (kbytes): 311164
	Average resident set size (kbytes): 0
	Major (requiring I/O) page faults: 0
	Minor (reclaiming a frame) page faults: 165295
	Voluntary context switches: 22
	Involuntary context switches: 13
	Swaps: 0
	File system inputs: 7264
	File system outputs: 568
	Socket messages sent: 0
	Socket messages received: 0
	Signals delivered: 0
	Page size (bytes): 4096
	Exit status: 1
