LIMIT pair=edpb-right-of-access-v1-to-final set=dev role=standard provenance=verified extracted=complete comparison=incomplete coverage=old=0.057,new=0.055,comp=0.055 unresolved=4451 reported=0 expected=4 recall=0.000 precision=unknown kind=unknown hunks/matched=unknown tinyFP=0 runtime_ms=104113 candidate_visits=1434492/64000000 required_candidate_visits=1434492 required_candidate_components=exact:507,ngram:1433569,short_fallback:416 visit_pressure=p50:17452,p95:63139,max:90815,upper:29389149,limit:64000000,upper_exceeds:false ngram_pressure=total:29783651,dominant:702842,df:854,shared:5168,top10:4668843,n50:61,n90:344,df_p50:4,df_p95:140,df_max:854 limit_failure="comparison assessment search reached a resource limit" quality_skipped="comparison stopped at a resource limit"
0/1 revision pairs healthy; 1 stopped at resource limits; 0 failed
Command exited with non-zero status 1
	Command being timed: "/tmp/pdfdelta-issue12-assessed-pdfbench revisions --manifest benchmark/realworld/manifest.tsv --cache-dir benchmark/realworld/cache --set dev --pair edpb-right-of-access-v1-to-final --json-output benchmark/realworld/results/2026-09-08-issue12-local-comparison/assessed-edpb-raw.json --summary-json-output benchmark/realworld/results/2026-09-08-issue12-local-comparison/assessed-edpb-summary.json --evaluation-json-output benchmark/realworld/results/2026-09-08-issue12-local-comparison/assessed-edpb-evaluation.json"
	User time (seconds): 103.13
	System time (seconds): 0.96
	Percent of CPU this job got: 99%
	Elapsed (wall clock) time (h:mm:ss or m:ss): 1:44.23
	Average shared text size (kbytes): 0
	Average unshared data size (kbytes): 0
	Average stack size (kbytes): 0
	Average total size (kbytes): 0
	Maximum resident set size (kbytes): 744924
	Average resident set size (kbytes): 0
	Major (requiring I/O) page faults: 0
	Minor (reclaiming a frame) page faults: 300060
	Voluntary context switches: 19
	Involuntary context switches: 185
	Swaps: 0
	File system inputs: 6320
	File system outputs: 888
	Socket messages sent: 0
	Socket messages received: 0
	Signals delivered: 0
	Page size (bytes): 4096
	Exit status: 1
