OK pair=nist-csf-v1-1-to-v2-0 set=dev role=standard provenance=verified extracted=complete comparison=incomplete coverage=old=0.003,new=0.005,comp=0.003 unresolved=2841 reported=1 expected=3 recall=0.000 precision=unknown kind=unknown hunks/matched=unknown tinyFP=0 runtime_ms=23063 candidate_visits=0/1000000 required_candidate_visits=0 required_candidate_components=exact:0,ngram:0,short_fallback:0 visit_pressure=p50:682,p95:9783,max:24780,upper:3352317,limit:1000000,upper_exceeds:true ngram_pressure=total:3826971,dominant:104121,df:207,shared:3127,top10:692918,n50:51,n90:380,df_p50:5,df_p95:51,df_max:207
1/1 revision pairs healthy; 0 stopped at resource limits; 0 failed
	Command being timed: "/tmp/pdfdelta-issue12-distinct-pdfbench revisions --manifest benchmark/realworld/manifest.tsv --cache-dir benchmark/realworld/cache --set dev --pair nist-csf-v1-1-to-v2-0 --json-output benchmark/realworld/results/2026-09-08-issue12-local-comparison/distinct-csf-raw.json --summary-json-output benchmark/realworld/results/2026-09-08-issue12-local-comparison/distinct-csf-summary.json --evaluation-json-output benchmark/realworld/results/2026-09-08-issue12-local-comparison/distinct-csf-evaluation.json"
	User time (seconds): 22.65
	System time (seconds): 0.57
	Percent of CPU this job got: 100%
	Elapsed (wall clock) time (h:mm:ss or m:ss): 0:23.15
	Average shared text size (kbytes): 0
	Average unshared data size (kbytes): 0
	Average stack size (kbytes): 0
	Average total size (kbytes): 0
	Maximum resident set size (kbytes): 398252
	Average resident set size (kbytes): 0
	Major (requiring I/O) page faults: 0
	Minor (reclaiming a frame) page faults: 171208
	Voluntary context switches: 10
	Involuntary context switches: 26
	Swaps: 0
	File system inputs: 0
	File system outputs: 400
	Socket messages sent: 0
	Socket messages received: 0
	Signals delivered: 0
	Page size (bytes): 4096
	Exit status: 0
