   Compiling pdfdelta-bench v0.1.0 (/home/hayato/.herdr/worktrees/pdfdelta/worktree-green-forest-9bdb/crates/pdfdelta-bench)
    Finished `test` profile [unoptimized + debuginfo] target(s) in 2.72s
     Running unittests src/lib.rs (target/debug/deps/pdfdelta_bench-caadd4be2e181123)

running 1 test
FAILED change 128: scoped-complete reported change coordinates are indeterminate
  old: TextSpan { blocks: [BlockId(3533), BlockId(3534), BlockId(3535), BlockId(3536), BlockId(3537), BlockId(3538), BlockId(3539), BlockId(3540), BlockId(3541), BlockId(3542), BlockId(3543), BlockId(3544), BlockId(3545), BlockId(3546), BlockId(3547), BlockId(3548), BlockId(3549), BlockId(3550), BlockId(3551), BlockId(3552), BlockId(3553), BlockId(3554), BlockId(3555), BlockId(3556), BlockId(3557), BlockId(3558), BlockId(3559), BlockId(3560), BlockId(3561), BlockId(3562), BlockId(3563), BlockId(3564), BlockId(3565), BlockId(3566), BlockId(3567)], separator: Some(Space), canonical_range: ScalarRange { start: 2348, end: 2349 }, comparable_range: TokenRange { start: 2348, end: 2349 } } range=Err("scoped-complete reported change coordinates are indeterminate") scope=Err("scoped-complete reported change coordinates are indeterminate")
    block 3533 text="NIST SP 800-57 Pt. 1 Rev. 4 "
    block 3534 text=" "
    block 3535 text="Recommendation for "
    block 3536 text=" "
    block 3537 text=" "
    block 3538 text="Key Management: General "
    block 3539 text="12. Section 5.3.4: A statement was inserted to clarify the difference between the "
    block 3540 text="cryptoperiod of a public key and the validity period of a certificate. "
    block 3541 text=" "
    block 3542 text="13. Section 5.3.6: Statements were inserted that emphasize that longer or shorter "
    block 3543 text="cryptoperiods than those suggested may be warranted. Also, further discussion was added about the cryptoperiod of the public ephemeral key-agreement key. "
    block 3544 text=" "
    block 3545 text="14. Section 5.4.4: A discussion of an owner’s assurance of private-key possession was added. "
    block 3546 text=" "
    block 3547 text="15. Section 5.5: Statements were added about the compromise of a CA’s private "
    block 3548 text="signature key, and advice was provided for handling such an event. "
    block 3549 text=" "
    block 3550 text="16. Section 5.6.1: Table 3 and the text preceding the table have been revised for "
    block 3551 text="clarity. Additional footnotes were inserted related to table entries, and the footnote about the security strength provided by SHA-1 was modified to indicate that its security strength for digital signature applications remains the subject of speculation. "
    block 3552 text=" "
    block 3553 text="17. Sections 5.6.2 – 5.6.4: Table 4 and the text preceding it have been modified to be "
    block 3554 text="consistent with SP 800-131A. Also, the examples have been modified. "
    block 3555 text=" 18. Section 5.6.5: This new section was added to address the implications associated "
    block 3556 text="with the reduction of security strength because of improvements in computational capabilities or cryptanalysis. "
    block 3557 text=" 19. Sections 7, 7.1, 7.2 and 7.3: The description of the states and their transitions have "
    block 3558 text="been reworded to require specific behavior (e.g., using shall or shall not statements, rather than containing statement of fact (e.g., using “is” or are”). "
    block 3559 text=" 20. Section 7.3: A discussion of the transition of a private key-transport key and an "
    block 3560 text="ephemeral private key-agreement key were added. The previous discussion on private and public key-agreement keys was changed to discuss static private and public key-agreement keys and ephemeral public key-agreement keys. "
    block 3561 text="21. Section 8.1.5.3.4: This section was revised to be more consistent with SP 800-90A. "
    block 3562 text=" 22. Sections 8.1.5.3.7 and 8.1.5.3.8: New sections were inserted to discuss the "
    block 3563 text="distribution of random numbers and passwords. "
    block 3564 text=" 23. Section 8.1.6: Text was inserted to indicate which keys would or would not be registered. "
    block 3565 text=" 24. Section 8.2.4: This section was revised to be consistent with SP 800-56A SP 800-"
    block 3566 text="56B, SP 800-56C, SP 800-108 and SP 800-132. "
    block 3567 text=" "
FAILED change 644: scoped-complete reported change coordinates are indeterminate
  new: TextSpan { blocks: [BlockId(1090), BlockId(1091), BlockId(1092), BlockId(1093), BlockId(1094), BlockId(1095), BlockId(1096), BlockId(1097), BlockId(1098), BlockId(1099), BlockId(1100), BlockId(1101), BlockId(1102), BlockId(1103), BlockId(1104), BlockId(1105)], separator: Some(Space), canonical_range: ScalarRange { start: 487, end: 488 }, comparable_range: TokenRange { start: 487, end: 488 } } range=Err("scoped-complete reported change coordinates are indeterminate") scope=Err("scoped-complete reported change coordinates are indeterminate")
    block 1090 text="keying material (e.g., Initialization Vectors). "
    block 1091 text="15. Private ephemeral key-agreement key:47 Private ephemeral key-agreement keys are the "
    block 1092 text="short-term private keys of asymmetric-key (public-key) key pairs that are used only once to establish one or more symmetric keys (e.g., key-wrapping keys, data-encryption keys, or MAC keys) and, optionally, other keying material (e.g., Initialization Vectors). "
    block 1093 text="16. Public ephemeral key-agreement key: Public ephemeral key-agreement keys are the short-"
    block 1094 text="term public keys of asymmetric key pairs that are used in a single key-establishment transaction to establish one or more symmetric keys (e.g., key-wrapping keys, dataencryption keys, or MAC keys) and, optionally, other keying material (e.g., Initialization Vectors). "
    block 1095 text="17. Symmetric authorization key:48 Symmetric authorization keys are used to provide "
    block 1096 text="privileges to an entity using a symmetric cryptographic method. The authorization key is known by the entity responsible for monitoring and granting access privileges for authorized entities and by the entity seeking access to resources. "
    block 1097 text="18. Private authorization key:49 A private authorization key is the private key of an "
    block 1098 text="asymmetric-key (public-key) key pair that is used to prove the owner's right to privileges (e.g., using a digital signature). "
    block 1099 text="19. Public authorization key: A public authorization key is the public key of an asymmetric-"
    block 1100 text="key (public-key) key pair that is used to verify privileges for an entity that knows the associated private authorization key. "
    block 1101 text="5.1.2 Other Related Information "
    block 1102 text="Other information used in conjunction with cryptographic algorithms and keys also needs to be protected. See Table 6 in Section 6.1.2 for the required protections for each type of information. "
    block 1103 text=" "
    block 1104 text=" 45 At present, no method has been approved. 46 See SP 800-56A. 47 See SP 800-56A. 48 No method has been specifically approved, but any of the symmetric algorithms could be used (e.g., AES, HMAC, or KMAC). "
    block 1105 text="49 No method has been specifically approved, but a digital signature could be used for this purpose.  "
FAILED TOTAL 2
test revisions::revision_scopes::tests::replay_scope_diagnostic_snapshot ... ok

test result: ok. 1 passed; 0 failed; 0 ignored; 0 measured; 330 filtered out; finished in 2.03s

