LIMIT pair=nist-csf-v1-1-to-v2-0 set=dev role=standard provenance=verified extracted=complete comparison=incomplete coverage=old=0.005,new=0.009,comp=0.005 unresolved=2841 reported=6 expected=3 recall=0.000 precision=unknown kind=unknown hunks/matched=unknown tinyFP=1 runtime_ms=18333 candidate_visits=0/1000000 required_candidate_visits=0 required_candidate_components=exact:0,ngram:0,short_fallback:0 visit_pressure=p50:682,p95:9783,max:24780,upper:3352317,limit:1000000,upper_exceeds:true ngram_pressure=total:3826971,dominant:104121,df:207,shared:3127,top10:692918,n50:51,n90:380,df_p50:5,df_p95:51,df_max:207 limit_failure="comparison assessment search reached a resource limit" quality_skipped="comparison stopped at a resource limit"
0/1 revision pairs healthy; 1 stopped at resource limits; 0 failed
Command exited with non-zero status 1
	Command being timed: "/tmp/pdfdelta-issue12-scope-fixed-pdfbench revisions --manifest benchmark/realworld/manifest.tsv --cache-dir benchmark/realworld/cache --set dev --pair nist-csf-v1-1-to-v2-0 --json-output benchmark/realworld/results/2026-09-08-issue12-local-comparison/scope-fixed-csf-raw.json --summary-json-output benchmark/realworld/results/2026-09-08-issue12-local-comparison/scope-fixed-csf-summary.json --evaluation-json-output benchmark/realworld/results/2026-09-08-issue12-local-comparison/scope-fixed-csf-evaluation.json"
	User time (seconds): 18.11
	System time (seconds): 0.67
	Percent of CPU this job got: 102%
	Elapsed (wall clock) time (h:mm:ss or m:ss): 0:18.40
	Average shared text size (kbytes): 0
	Average unshared data size (kbytes): 0
	Average stack size (kbytes): 0
	Average total size (kbytes): 0
	Maximum resident set size (kbytes): 405348
	Average resident set size (kbytes): 0
	Major (requiring I/O) page faults: 1
	Minor (reclaiming a frame) page faults: 173004
	Voluntary context switches: 10
	Involuntary context switches: 24
	Swaps: 0
	File system inputs: 5048
	File system outputs: 400
	Socket messages sent: 0
	Socket messages received: 0
	Signals delivered: 0
	Page size (bytes): 4096
	Exit status: 1
