DIAG_RUN [NodeId(15), NodeId(16), NodeId(17), NodeId(18), NodeId(19), NodeId(21), NodeId(25), NodeId(27), NodeId(29), NodeId(31), NodeId(33), NodeId(35), NodeId(37), NodeId(39), NodeId(41), NodeId(43), NodeId(45), NodeId(47), NodeId(49), NodeId(51), NodeId(53), NodeId(55), NodeId(57), NodeId(59), NodeId(61), NodeId(63), NodeId(65), NodeId(67), NodeId(69), NodeId(71), NodeId(73), NodeId(75), NodeId(77), NodeId(78), NodeId(80), NodeId(81), NodeId(82), NodeId(84), NodeId(86), NodeId(88)]
DIAG_RUN [NodeId(20)]
DIAG_RUN [NodeId(22), NodeId(23), NodeId(24), NodeId(26), NodeId(28), NodeId(30), NodeId(32), NodeId(34), NodeId(36), NodeId(38), NodeId(40), NodeId(42), NodeId(44), NodeId(46), NodeId(48), NodeId(50), NodeId(52), NodeId(54), NodeId(56), NodeId(58), NodeId(60), NodeId(62), NodeId(64), NodeId(66), NodeId(68), NodeId(70), NodeId(72), NodeId(74), NodeId(76), NodeId(79)]
DIAG_RUN [NodeId(83), NodeId(85), NodeId(87)]
DIAG_RUN [NodeId(89)]
DIAG_RUN [NodeId(90), NodeId(91), NodeId(92), NodeId(93), NodeId(94), NodeId(95), NodeId(96), NodeId(97), NodeId(98), NodeId(99), NodeId(100), NodeId(101), NodeId(102), NodeId(103)]
DIAG_RUN [NodeId(104)]
DIAG_RUN [NodeId(105), NodeId(106), NodeId(107), NodeId(108), NodeId(109), NodeId(110), NodeId(111), NodeId(112), NodeId(113), NodeId(114), NodeId(115), NodeId(116), NodeId(117), NodeId(118), NodeId(119), NodeId(120), NodeId(121), NodeId(122), NodeId(123), NodeId(124), NodeId(125), NodeId(126), NodeId(127), NodeId(128), NodeId(129), NodeId(130), NodeId(131), NodeId(132), NodeId(133), NodeId(134), NodeId(135)]
DIAG_RUN [NodeId(136), NodeId(137), NodeId(142), NodeId(144), NodeId(145), NodeId(146), NodeId(147), NodeId(148), NodeId(149), NodeId(150), NodeId(151), NodeId(154), NodeId(155)]
DIAG_RUN [NodeId(138), NodeId(139)]
DIAG_RUN [NodeId(140), NodeId(141)]
DIAG_RUN [NodeId(143)]
DIAG_RUN [NodeId(152), NodeId(153)]
DIAG_RUN [NodeId(156), NodeId(157), NodeId(158), NodeId(159), NodeId(160), NodeId(161), NodeId(162), NodeId(163), NodeId(164), NodeId(165), NodeId(166)]
DIAG_RUN [NodeId(167), NodeId(168), NodeId(169), NodeId(170), NodeId(171), NodeId(172), NodeId(173), NodeId(174), NodeId(175), NodeId(176), NodeId(177), NodeId(178), NodeId(179), NodeId(180), NodeId(181)]
DIAG_RUN [NodeId(182), NodeId(183), NodeId(184), NodeId(185), NodeId(186), NodeId(187), NodeId(188), NodeId(189), NodeId(190), NodeId(191), NodeId(192), NodeId(193), NodeId(194), NodeId(195), NodeId(196), NodeId(197), NodeId(198), NodeId(199), NodeId(200), NodeId(201), NodeId(202), NodeId(203), NodeId(204), NodeId(205), NodeId(206)]
DIAG_RUN [NodeId(207), NodeId(208), NodeId(209), NodeId(211)]
DIAG_RUN [NodeId(210)]
DIAG_RUN [NodeId(212), NodeId(213), NodeId(218)]
DIAG_RUN [NodeId(214)]
DIAG_RUN [NodeId(215)]
DIAG_RUN [NodeId(216)]
DIAG_RUN [NodeId(217)]
DIAG_RUN [NodeId(219), NodeId(220), NodeId(221), NodeId(222), NodeId(223), NodeId(224), NodeId(225), NodeId(226), NodeId(227), NodeId(228), NodeId(229), NodeId(230), NodeId(231), NodeId(232), NodeId(233), NodeId(234), NodeId(235), NodeId(236), NodeId(237), NodeId(238), NodeId(239), NodeId(240), NodeId(241), NodeId(242), NodeId(243), NodeId(244), NodeId(245)]
DIAG_RUN [NodeId(246)]
DIAG_RUN [NodeId(247)]
DIAG_RUN [NodeId(248)]
DIAG_RUN [NodeId(249), NodeId(250), NodeId(252), NodeId(253), NodeId(254), NodeId(255)]
DIAG_RUN [NodeId(251), NodeId(256), NodeId(261), NodeId(266), NodeId(271), NodeId(276), NodeId(281), NodeId(285), NodeId(289)]
DIAG_RUN [NodeId(257), NodeId(258), NodeId(259), NodeId(260)]
DIAG_RUN [NodeId(262), NodeId(263), NodeId(264), NodeId(265)]
DIAG_RUN [NodeId(267), NodeId(268), NodeId(269), NodeId(270)]
DIAG_RUN [NodeId(272), NodeId(273), NodeId(274), NodeId(275)]
DIAG_RUN [NodeId(277), NodeId(278), NodeId(279), NodeId(280)]
DIAG_RUN [NodeId(282), NodeId(283), NodeId(284)]
DIAG_RUN [NodeId(286), NodeId(287), NodeId(288), NodeId(290), NodeId(291), NodeId(294)]
DIAG_RUN [NodeId(292), NodeId(293)]
DIAG_RUN [NodeId(295), NodeId(296), NodeId(297), NodeId(298), NodeId(299), NodeId(300), NodeId(301), NodeId(302), NodeId(303), NodeId(304), NodeId(305), NodeId(306), NodeId(307), NodeId(308), NodeId(309), NodeId(310), NodeId(311), NodeId(312), NodeId(313), NodeId(314), NodeId(315), NodeId(316), NodeId(317), NodeId(318), NodeId(319), NodeId(320), NodeId(321), NodeId(322), NodeId(323), NodeId(324), NodeId(325), NodeId(326), NodeId(327), NodeId(328), NodeId(329), NodeId(330), NodeId(331), NodeId(332), NodeId(333), NodeId(334), NodeId(335), NodeId(336), NodeId(337), NodeId(338), NodeId(339), NodeId(340), NodeId(341), NodeId(342)]
DIAG_RUN [NodeId(343), NodeId(344), NodeId(345), NodeId(346), NodeId(348), NodeId(350)]
DIAG_RUN [NodeId(347), NodeId(360)]
DIAG_RUN [NodeId(349), NodeId(351), NodeId(352), NodeId(354), NodeId(356)]
DIAG_RUN [NodeId(353), NodeId(355), NodeId(357), NodeId(358), NodeId(359), NodeId(361), NodeId(362), NodeId(363), NodeId(364), NodeId(365), NodeId(366), NodeId(367), NodeId(368), NodeId(369), NodeId(370), NodeId(372)]
DIAG_RUN [NodeId(371)]
DIAG_RUN [NodeId(373), NodeId(376), NodeId(377), NodeId(378), NodeId(379), NodeId(380), NodeId(381)]
DIAG_RUN [NodeId(374)]
DIAG_RUN [NodeId(375)]
DIAG_RUN [NodeId(382), NodeId(383), NodeId(384), NodeId(385), NodeId(386), NodeId(387), NodeId(391)]
DIAG_RUN [NodeId(388)]
DIAG_RUN [NodeId(389), NodeId(393), NodeId(394), NodeId(395), NodeId(396), NodeId(397), NodeId(398), NodeId(399), NodeId(400), NodeId(401), NodeId(403)]
DIAG_RUN [NodeId(390)]
DIAG_RUN [NodeId(392)]
DIAG_RUN [NodeId(402), NodeId(404), NodeId(405), NodeId(406), NodeId(407), NodeId(408), NodeId(409), NodeId(410), NodeId(411), NodeId(412), NodeId(413), NodeId(414)]
DIAG_RUN [NodeId(415), NodeId(417), NodeId(418), NodeId(419), NodeId(420), NodeId(421)]
DIAG_RUN [NodeId(416)]
DIAG_RUN [NodeId(422), NodeId(426), NodeId(429), NodeId(431), NodeId(434), NodeId(436), NodeId(439), NodeId(441)]
DIAG_RUN [NodeId(423), NodeId(425), NodeId(428), NodeId(430), NodeId(432), NodeId(435), NodeId(437), NodeId(438), NodeId(440), NodeId(442), NodeId(443), NodeId(444), NodeId(445), NodeId(446), NodeId(447), NodeId(448), NodeId(449), NodeId(450)]
DIAG_RUN [NodeId(424)]
DIAG_RUN [NodeId(427)]
DIAG_RUN [NodeId(433)]
DIAG_RUN [NodeId(451), NodeId(452), NodeId(453), NodeId(454), NodeId(455), NodeId(456), NodeId(457), NodeId(458), NodeId(459), NodeId(460), NodeId(461), NodeId(462), NodeId(463), NodeId(464), NodeId(465)]
DIAG_RUN [NodeId(466), NodeId(468), NodeId(470), NodeId(474), NodeId(476), NodeId(481), NodeId(485)]
DIAG_RUN [NodeId(467), NodeId(469), NodeId(471), NodeId(475), NodeId(477), NodeId(482), NodeId(486)]
DIAG_RUN [NodeId(472)]
DIAG_RUN [NodeId(473)]
DIAG_RUN [NodeId(478), NodeId(480), NodeId(484), NodeId(502)]
DIAG_RUN [NodeId(479), NodeId(483)]
DIAG_RUN [NodeId(487), NodeId(488), NodeId(489), NodeId(490), NodeId(491), NodeId(492), NodeId(493), NodeId(494), NodeId(495), NodeId(496), NodeId(497), NodeId(498), NodeId(499), NodeId(500)]
DIAG_RUN [NodeId(501), NodeId(503), NodeId(505), NodeId(506), NodeId(507), NodeId(508), NodeId(509), NodeId(510), NodeId(511), NodeId(512), NodeId(513), NodeId(514), NodeId(515), NodeId(516), NodeId(517), NodeId(518), NodeId(519), NodeId(520), NodeId(521)]
DIAG_RUN [NodeId(504)]
DIAG_RUN [NodeId(522), NodeId(523), NodeId(524), NodeId(525), NodeId(526), NodeId(527), NodeId(528), NodeId(529), NodeId(530), NodeId(531), NodeId(532), NodeId(533), NodeId(534), NodeId(535), NodeId(536), NodeId(537), NodeId(538), NodeId(539), NodeId(540), NodeId(541), NodeId(542), NodeId(543), NodeId(544), NodeId(545), NodeId(546), NodeId(547), NodeId(548), NodeId(549), NodeId(550), NodeId(551), NodeId(552), NodeId(553), NodeId(554), NodeId(555), NodeId(556), NodeId(557), NodeId(558), NodeId(559), NodeId(560), NodeId(561), NodeId(562), NodeId(563), NodeId(564), NodeId(565), NodeId(566), NodeId(567), NodeId(568)]
DIAG_RUN [NodeId(569), NodeId(570), NodeId(571), NodeId(572), NodeId(573), NodeId(574), NodeId(575), NodeId(576), NodeId(577), NodeId(578), NodeId(579), NodeId(580), NodeId(581), NodeId(582), NodeId(583), NodeId(584), NodeId(585), NodeId(586), NodeId(587), NodeId(588), NodeId(589), NodeId(590), NodeId(591), NodeId(592), NodeId(593), NodeId(594), NodeId(595), NodeId(596), NodeId(597), NodeId(598), NodeId(599), NodeId(600), NodeId(601), NodeId(602), NodeId(603), NodeId(604), NodeId(605), NodeId(606), NodeId(607), NodeId(608), NodeId(609), NodeId(610), NodeId(611), NodeId(612)]
DIAG_RUN [NodeId(613), NodeId(614), NodeId(615), NodeId(616), NodeId(617), NodeId(618), NodeId(619), NodeId(620), NodeId(621), NodeId(622), NodeId(623), NodeId(624), NodeId(625), NodeId(626), NodeId(627), NodeId(628), NodeId(629), NodeId(630), NodeId(631), NodeId(632), NodeId(633), NodeId(634), NodeId(635), NodeId(636), NodeId(637), NodeId(638)]
DIAG_RUN [NodeId(639), NodeId(640), NodeId(641)]
DIAG_RUN [NodeId(642), NodeId(646), NodeId(650), NodeId(656), NodeId(672), NodeId(676)]
DIAG_RUN [NodeId(643), NodeId(644), NodeId(645)]
DIAG_RUN [NodeId(647), NodeId(657), NodeId(667), NodeId(677)]
DIAG_RUN [NodeId(648), NodeId(649)]
DIAG_RUN [NodeId(651), NodeId(652), NodeId(653), NodeId(654), NodeId(655)]
DIAG_RUN [NodeId(658), NodeId(659), NodeId(660), NodeId(661), NodeId(662), NodeId(663), NodeId(664), NodeId(665), NodeId(666)]
DIAG_RUN [NodeId(668), NodeId(669), NodeId(670), NodeId(671)]
DIAG_RUN [NodeId(673), NodeId(674), NodeId(675)]
DIAG_RUN [NodeId(678), NodeId(679), NodeId(680), NodeId(681), NodeId(682), NodeId(683), NodeId(684), NodeId(685), NodeId(686), NodeId(687), NodeId(688), NodeId(689), NodeId(690), NodeId(691), NodeId(692)]
DIAG_RUN [NodeId(693), NodeId(694), NodeId(695), NodeId(696), NodeId(697), NodeId(698), NodeId(699), NodeId(700), NodeId(701), NodeId(702), NodeId(703), NodeId(704), NodeId(705), NodeId(706), NodeId(707), NodeId(708), NodeId(709), NodeId(710), NodeId(711), NodeId(712), NodeId(713)]
DIAG_RUN [NodeId(714), NodeId(715), NodeId(716), NodeId(717), NodeId(718), NodeId(719), NodeId(720), NodeId(721), NodeId(722), NodeId(723), NodeId(724), NodeId(725), NodeId(726), NodeId(727), NodeId(728), NodeId(729), NodeId(730), NodeId(731), NodeId(732), NodeId(733), NodeId(734), NodeId(735), NodeId(736), NodeId(737), NodeId(738), NodeId(739), NodeId(740)]
DIAG_RUN [NodeId(741), NodeId(742), NodeId(743), NodeId(744), NodeId(745), NodeId(746), NodeId(747), NodeId(748), NodeId(749), NodeId(750), NodeId(751), NodeId(752), NodeId(753), NodeId(754), NodeId(755), NodeId(756), NodeId(757), NodeId(758), NodeId(759), NodeId(760), NodeId(761), NodeId(762), NodeId(763)]
DIAG_RUN [NodeId(764), NodeId(765), NodeId(766), NodeId(767), NodeId(768), NodeId(769), NodeId(770), NodeId(771), NodeId(772), NodeId(773), NodeId(774), NodeId(775), NodeId(776), NodeId(777), NodeId(778), NodeId(779), NodeId(780), NodeId(781), NodeId(782), NodeId(783), NodeId(784), NodeId(785), NodeId(786)]
DIAG_RUN [NodeId(787), NodeId(788), NodeId(789), NodeId(790), NodeId(791), NodeId(792), NodeId(793), NodeId(794), NodeId(795), NodeId(796), NodeId(797), NodeId(798), NodeId(799), NodeId(800), NodeId(801), NodeId(802), NodeId(803), NodeId(804), NodeId(805), NodeId(806), NodeId(807), NodeId(808), NodeId(809), NodeId(810), NodeId(811), NodeId(812), NodeId(813), NodeId(814)]
DIAG_RUN [NodeId(815), NodeId(816), NodeId(817), NodeId(818), NodeId(819), NodeId(820), NodeId(821), NodeId(822), NodeId(823), NodeId(824), NodeId(825), NodeId(826), NodeId(827), NodeId(828), NodeId(829), NodeId(830), NodeId(831), NodeId(832), NodeId(833), NodeId(834), NodeId(835), NodeId(836), NodeId(837), NodeId(838), NodeId(839), NodeId(840), NodeId(841), NodeId(842)]
DIAG_RUN [NodeId(843), NodeId(844), NodeId(845), NodeId(846), NodeId(847), NodeId(848), NodeId(849), NodeId(850), NodeId(851), NodeId(852), NodeId(853), NodeId(854), NodeId(855), NodeId(856), NodeId(857), NodeId(858), NodeId(859), NodeId(860), NodeId(861), NodeId(862), NodeId(863), NodeId(864), NodeId(865), NodeId(866), NodeId(867), NodeId(868), NodeId(869), NodeId(870), NodeId(871), NodeId(872), NodeId(873), NodeId(874), NodeId(875), NodeId(876), NodeId(877), NodeId(878), NodeId(879), NodeId(880), NodeId(881), NodeId(882), NodeId(883)]
DIAG_RUN [NodeId(884), NodeId(885), NodeId(886), NodeId(887), NodeId(888), NodeId(889), NodeId(890), NodeId(891), NodeId(892), NodeId(893), NodeId(894), NodeId(895), NodeId(896), NodeId(897), NodeId(898), NodeId(900), NodeId(902)]
DIAG_RUN [NodeId(899), NodeId(901)]
DIAG_RUN [NodeId(903)]
DIAG_RUN [NodeId(904), NodeId(905), NodeId(906), NodeId(907), NodeId(908), NodeId(909), NodeId(910), NodeId(911), NodeId(912), NodeId(913)]
DIAG_RUN [NodeId(914), NodeId(922), NodeId(936), NodeId(945), NodeId(950), NodeId(954)]
DIAG_RUN [NodeId(915), NodeId(920), NodeId(924), NodeId(934), NodeId(941), NodeId(942), NodeId(946), NodeId(947), NodeId(951), NodeId(955), NodeId(956), NodeId(957), NodeId(958), NodeId(959), NodeId(960), NodeId(961), NodeId(962), NodeId(963), NodeId(964), NodeId(965), NodeId(966), NodeId(967), NodeId(968), NodeId(969), NodeId(970), NodeId(971)]
DIAG_RUN [NodeId(916), NodeId(925), NodeId(938), NodeId(943), NodeId(948), NodeId(952)]
DIAG_RUN [NodeId(917), NodeId(926), NodeId(939), NodeId(944), NodeId(949), NodeId(953), NodeId(992)]
DIAG_RUN [NodeId(918), NodeId(921), NodeId(927), NodeId(933), NodeId(937), NodeId(973)]
DIAG_RUN [NodeId(919), NodeId(923), NodeId(929), NodeId(935), NodeId(940)]
DIAG_RUN [NodeId(928)]
DIAG_RUN [NodeId(930)]
DIAG_RUN [NodeId(931)]
DIAG_RUN [NodeId(932)]
DIAG_RUN [NodeId(972)]
DIAG_RUN [NodeId(974)]
DIAG_RUN [NodeId(975), NodeId(990)]
DIAG_RUN [NodeId(976)]
DIAG_RUN [NodeId(977)]
DIAG_RUN [NodeId(978)]
DIAG_RUN [NodeId(979)]
DIAG_RUN [NodeId(980)]
DIAG_RUN [NodeId(981)]
DIAG_RUN [NodeId(982)]
DIAG_RUN [NodeId(983), NodeId(991)]
DIAG_RUN [NodeId(984)]
DIAG_RUN [NodeId(985)]
DIAG_RUN [NodeId(986)]
DIAG_RUN [NodeId(987)]
DIAG_RUN [NodeId(988)]
DIAG_RUN [NodeId(989)]
DIAG_RUN [NodeId(993), NodeId(994), NodeId(995), NodeId(996), NodeId(997), NodeId(998), NodeId(999), NodeId(1000), NodeId(1001), NodeId(1004), NodeId(1005), NodeId(1006), NodeId(1007), NodeId(1008), NodeId(1009), NodeId(1010), NodeId(1011), NodeId(1012), NodeId(1013), NodeId(1016), NodeId(1017), NodeId(1018), NodeId(1019), NodeId(1020)]
DIAG_RUN [NodeId(1002)]
DIAG_RUN [NodeId(1003)]
DIAG_RUN [NodeId(1014), NodeId(1015)]
DIAG_RUN [NodeId(1021)]
DIAG_RUN [NodeId(1022)]
DIAG_RUN [NodeId(1023), NodeId(1024), NodeId(1025), NodeId(1026), NodeId(1027), NodeId(1028), NodeId(1029), NodeId(1030)]
DIAG_RUN [NodeId(1031), NodeId(1032), NodeId(1033), NodeId(1034)]
DIAG_RUN [NodeId(1035), NodeId(1036), NodeId(1037)]
DIAG_RUN [NodeId(15), NodeId(16), NodeId(17), NodeId(18), NodeId(20), NodeId(23), NodeId(25), NodeId(27), NodeId(29), NodeId(31), NodeId(33), NodeId(35), NodeId(37), NodeId(39), NodeId(41), NodeId(43), NodeId(45), NodeId(47), NodeId(49), NodeId(51), NodeId(53), NodeId(55), NodeId(57), NodeId(59), NodeId(61), NodeId(63), NodeId(65), NodeId(67), NodeId(69), NodeId(71), NodeId(73), NodeId(75), NodeId(76), NodeId(77), NodeId(79), NodeId(81), NodeId(83), NodeId(85), NodeId(87), NodeId(89), NodeId(91)]
DIAG_RUN [NodeId(19)]
DIAG_RUN [NodeId(21), NodeId(22), NodeId(24), NodeId(26), NodeId(28), NodeId(30), NodeId(32), NodeId(34), NodeId(36), NodeId(38), NodeId(40), NodeId(42), NodeId(44), NodeId(46), NodeId(48), NodeId(50), NodeId(52), NodeId(54), NodeId(56), NodeId(58), NodeId(60), NodeId(62), NodeId(64), NodeId(66), NodeId(68), NodeId(70), NodeId(72), NodeId(74)]
DIAG_RUN [NodeId(78), NodeId(80), NodeId(82), NodeId(84), NodeId(86), NodeId(88), NodeId(90)]
DIAG_RUN [NodeId(92), NodeId(93), NodeId(94), NodeId(95), NodeId(96), NodeId(97), NodeId(98), NodeId(99), NodeId(100), NodeId(101), NodeId(102), NodeId(103), NodeId(104), NodeId(105), NodeId(107)]
DIAG_RUN [NodeId(106)]
DIAG_RUN [NodeId(108), NodeId(109), NodeId(110), NodeId(111), NodeId(112), NodeId(113), NodeId(114), NodeId(115), NodeId(116), NodeId(117), NodeId(118), NodeId(119), NodeId(120), NodeId(121), NodeId(122), NodeId(123), NodeId(124), NodeId(125), NodeId(126), NodeId(127), NodeId(128), NodeId(129), NodeId(130), NodeId(131), NodeId(132), NodeId(133), NodeId(134), NodeId(135), NodeId(136), NodeId(137)]
DIAG_RUN [NodeId(138), NodeId(139), NodeId(144), NodeId(146), NodeId(147), NodeId(148), NodeId(149), NodeId(150), NodeId(151), NodeId(152), NodeId(153), NodeId(156), NodeId(157)]
DIAG_RUN [NodeId(140), NodeId(141)]
DIAG_RUN [NodeId(142), NodeId(143)]
DIAG_RUN [NodeId(145)]
DIAG_RUN [NodeId(154), NodeId(155)]
DIAG_RUN [NodeId(158), NodeId(159), NodeId(160), NodeId(161), NodeId(162), NodeId(163), NodeId(164), NodeId(165), NodeId(166), NodeId(167), NodeId(168)]
DIAG_RUN [NodeId(169), NodeId(170), NodeId(171), NodeId(172), NodeId(173), NodeId(174), NodeId(175), NodeId(176), NodeId(177), NodeId(178), NodeId(179), NodeId(180), NodeId(181), NodeId(182), NodeId(183)]
DIAG_RUN [NodeId(184), NodeId(185), NodeId(186), NodeId(187), NodeId(188), NodeId(189), NodeId(190), NodeId(191), NodeId(192), NodeId(193), NodeId(194), NodeId(195), NodeId(196), NodeId(197), NodeId(198), NodeId(199), NodeId(200), NodeId(201), NodeId(202), NodeId(203), NodeId(204), NodeId(205), NodeId(206), NodeId(207), NodeId(208)]
DIAG_RUN [NodeId(209), NodeId(210), NodeId(211), NodeId(213)]
DIAG_RUN [NodeId(212)]
DIAG_RUN [NodeId(214), NodeId(215), NodeId(220)]
DIAG_RUN [NodeId(216)]
DIAG_RUN [NodeId(217)]
DIAG_RUN [NodeId(218)]
DIAG_RUN [NodeId(219)]
DIAG_RUN [NodeId(221), NodeId(222), NodeId(223), NodeId(224), NodeId(225), NodeId(226), NodeId(227), NodeId(228), NodeId(229), NodeId(230), NodeId(231), NodeId(232), NodeId(233), NodeId(234), NodeId(235), NodeId(236), NodeId(237), NodeId(238), NodeId(239), NodeId(240), NodeId(241), NodeId(242), NodeId(243), NodeId(244), NodeId(245), NodeId(246), NodeId(247)]
DIAG_RUN [NodeId(248)]
DIAG_RUN [NodeId(249)]
DIAG_RUN [NodeId(250)]
DIAG_RUN [NodeId(251), NodeId(252), NodeId(254), NodeId(255), NodeId(256), NodeId(257)]
DIAG_RUN [NodeId(253), NodeId(258), NodeId(263), NodeId(268), NodeId(273), NodeId(278), NodeId(283), NodeId(287), NodeId(291), NodeId(293), NodeId(297)]
DIAG_RUN [NodeId(259), NodeId(260), NodeId(261), NodeId(262)]
DIAG_RUN [NodeId(264), NodeId(265), NodeId(266), NodeId(267)]
DIAG_RUN [NodeId(269), NodeId(270), NodeId(271), NodeId(272)]
DIAG_RUN [NodeId(274), NodeId(275), NodeId(276), NodeId(277)]
DIAG_RUN [NodeId(279), NodeId(280), NodeId(281), NodeId(282)]
DIAG_RUN [NodeId(284), NodeId(285), NodeId(286)]
DIAG_RUN [NodeId(288), NodeId(289), NodeId(290), NodeId(292), NodeId(294), NodeId(295), NodeId(296)]
DIAG_RUN [NodeId(298), NodeId(299), NodeId(300), NodeId(301), NodeId(302), NodeId(303), NodeId(304), NodeId(305), NodeId(306), NodeId(307), NodeId(308), NodeId(309), NodeId(310), NodeId(311), NodeId(312), NodeId(313), NodeId(314), NodeId(315), NodeId(316), NodeId(317), NodeId(318), NodeId(319), NodeId(320), NodeId(321), NodeId(322), NodeId(323), NodeId(324), NodeId(325), NodeId(326), NodeId(327), NodeId(328), NodeId(329), NodeId(330), NodeId(331), NodeId(332), NodeId(333), NodeId(334), NodeId(335), NodeId(336), NodeId(337), NodeId(338), NodeId(339), NodeId(340), NodeId(341), NodeId(342), NodeId(343), NodeId(344), NodeId(345), NodeId(346), NodeId(347)]
DIAG_RUN [NodeId(348), NodeId(349), NodeId(350), NodeId(351), NodeId(353), NodeId(355)]
DIAG_RUN [NodeId(352), NodeId(365)]
DIAG_RUN [NodeId(354), NodeId(356), NodeId(357), NodeId(359), NodeId(361)]
DIAG_RUN [NodeId(358), NodeId(360), NodeId(362), NodeId(363), NodeId(364), NodeId(366), NodeId(367), NodeId(368), NodeId(369), NodeId(370), NodeId(371), NodeId(372), NodeId(373), NodeId(374), NodeId(375), NodeId(376)]
DIAG_RUN [NodeId(377)]
DIAG_RUN [NodeId(378), NodeId(381), NodeId(382), NodeId(383), NodeId(384), NodeId(385), NodeId(386), NodeId(387)]
DIAG_RUN [NodeId(379)]
DIAG_RUN [NodeId(380)]
DIAG_RUN [NodeId(388), NodeId(389), NodeId(393)]
DIAG_RUN [NodeId(390)]
DIAG_RUN [NodeId(391), NodeId(395), NodeId(396), NodeId(397), NodeId(398), NodeId(399), NodeId(400), NodeId(401), NodeId(402), NodeId(403), NodeId(405)]
DIAG_RUN [NodeId(392)]
DIAG_RUN [NodeId(394)]
DIAG_RUN [NodeId(404), NodeId(406), NodeId(407), NodeId(408), NodeId(409), NodeId(410), NodeId(411), NodeId(412), NodeId(413), NodeId(414), NodeId(415), NodeId(416)]
DIAG_RUN [NodeId(417), NodeId(419), NodeId(420), NodeId(421), NodeId(422), NodeId(423), NodeId(424), NodeId(425), NodeId(426), NodeId(427)]
DIAG_RUN [NodeId(418)]
DIAG_RUN [NodeId(428), NodeId(432), NodeId(435), NodeId(437), NodeId(440), NodeId(442), NodeId(445), NodeId(447)]
DIAG_RUN [NodeId(429), NodeId(431), NodeId(434), NodeId(436), NodeId(438), NodeId(441), NodeId(443), NodeId(444), NodeId(446), NodeId(448), NodeId(449), NodeId(450), NodeId(451), NodeId(452), NodeId(453), NodeId(454), NodeId(455), NodeId(456)]
DIAG_RUN [NodeId(430)]
DIAG_RUN [NodeId(433)]
DIAG_RUN [NodeId(439)]
DIAG_RUN [NodeId(457), NodeId(458), NodeId(459), NodeId(460), NodeId(461), NodeId(462), NodeId(463), NodeId(464), NodeId(465), NodeId(466), NodeId(467), NodeId(468), NodeId(469), NodeId(470), NodeId(471), NodeId(472)]
DIAG_RUN [NodeId(473), NodeId(475), NodeId(477), NodeId(481), NodeId(483), NodeId(488), NodeId(492)]
DIAG_RUN [NodeId(474), NodeId(476), NodeId(478), NodeId(482), NodeId(484), NodeId(489), NodeId(493)]
DIAG_RUN [NodeId(479)]
DIAG_RUN [NodeId(480)]
DIAG_RUN [NodeId(485), NodeId(487), NodeId(491), NodeId(509)]
DIAG_RUN [NodeId(486), NodeId(490)]
DIAG_RUN [NodeId(494), NodeId(495), NodeId(496), NodeId(497), NodeId(498), NodeId(499), NodeId(500), NodeId(501), NodeId(502), NodeId(503), NodeId(504), NodeId(505), NodeId(506), NodeId(507)]
DIAG_RUN [NodeId(508), NodeId(510), NodeId(512), NodeId(513), NodeId(514), NodeId(515), NodeId(516), NodeId(517), NodeId(518), NodeId(519), NodeId(520), NodeId(521), NodeId(522), NodeId(523), NodeId(524), NodeId(525), NodeId(526), NodeId(527), NodeId(528)]
DIAG_RUN [NodeId(511)]
DIAG_RUN [NodeId(529), NodeId(530), NodeId(531), NodeId(532), NodeId(533), NodeId(534), NodeId(535), NodeId(536), NodeId(537), NodeId(538), NodeId(539), NodeId(540), NodeId(541), NodeId(542), NodeId(543), NodeId(544), NodeId(545), NodeId(546), NodeId(547), NodeId(548), NodeId(549), NodeId(550), NodeId(551), NodeId(552), NodeId(553), NodeId(554), NodeId(555), NodeId(556), NodeId(557), NodeId(558), NodeId(559), NodeId(560), NodeId(561), NodeId(562), NodeId(563), NodeId(564), NodeId(565), NodeId(566), NodeId(567), NodeId(568), NodeId(569), NodeId(570), NodeId(571), NodeId(572), NodeId(573), NodeId(574), NodeId(575), NodeId(576), NodeId(577), NodeId(578), NodeId(579), NodeId(580)]
DIAG_RUN [NodeId(581), NodeId(582), NodeId(583), NodeId(584), NodeId(585), NodeId(586), NodeId(587), NodeId(588), NodeId(589), NodeId(590), NodeId(591), NodeId(592), NodeId(593), NodeId(594), NodeId(595), NodeId(596), NodeId(597), NodeId(598), NodeId(599), NodeId(600), NodeId(601), NodeId(602), NodeId(603), NodeId(604), NodeId(605), NodeId(606), NodeId(607), NodeId(608), NodeId(609), NodeId(610), NodeId(611), NodeId(612), NodeId(613), NodeId(614), NodeId(615), NodeId(616), NodeId(617), NodeId(618), NodeId(619), NodeId(620), NodeId(621), NodeId(622), NodeId(623)]
DIAG_RUN [NodeId(624), NodeId(625), NodeId(626), NodeId(627), NodeId(628), NodeId(629), NodeId(630), NodeId(631), NodeId(632), NodeId(633), NodeId(634), NodeId(635), NodeId(636), NodeId(637), NodeId(638), NodeId(639), NodeId(640), NodeId(641), NodeId(642), NodeId(643), NodeId(644), NodeId(645), NodeId(646), NodeId(647), NodeId(648)]
DIAG_RUN [NodeId(649), NodeId(650), NodeId(651)]
DIAG_RUN [NodeId(652), NodeId(656), NodeId(660), NodeId(666), NodeId(682), NodeId(686)]
DIAG_RUN [NodeId(653), NodeId(654), NodeId(655)]
DIAG_RUN [NodeId(657), NodeId(667), NodeId(677), NodeId(687)]
DIAG_RUN [NodeId(658), NodeId(659)]
DIAG_RUN [NodeId(661), NodeId(662), NodeId(663), NodeId(664), NodeId(665)]
DIAG_RUN [NodeId(668), NodeId(669), NodeId(670), NodeId(671), NodeId(672), NodeId(673), NodeId(674), NodeId(675), NodeId(676)]
DIAG_RUN [NodeId(678), NodeId(679), NodeId(680), NodeId(681)]
DIAG_RUN [NodeId(683), NodeId(684), NodeId(685)]
DIAG_RUN [NodeId(688), NodeId(689), NodeId(690), NodeId(691), NodeId(692), NodeId(693), NodeId(694), NodeId(695), NodeId(696), NodeId(697), NodeId(698), NodeId(699), NodeId(700), NodeId(701), NodeId(702), NodeId(703)]
DIAG_RUN [NodeId(704), NodeId(705), NodeId(706), NodeId(707), NodeId(708), NodeId(709), NodeId(710), NodeId(711), NodeId(712), NodeId(713), NodeId(714), NodeId(715), NodeId(716), NodeId(717), NodeId(718), NodeId(719), NodeId(720), NodeId(721), NodeId(722), NodeId(723), NodeId(724), NodeId(725), NodeId(726), NodeId(727), NodeId(728), NodeId(729)]
DIAG_RUN [NodeId(730), NodeId(731), NodeId(732), NodeId(733), NodeId(734), NodeId(735), NodeId(736), NodeId(737), NodeId(738), NodeId(739), NodeId(740), NodeId(741), NodeId(742), NodeId(743), NodeId(744), NodeId(745), NodeId(746), NodeId(747), NodeId(748), NodeId(749), NodeId(750), NodeId(751), NodeId(752), NodeId(753)]
DIAG_RUN [NodeId(754), NodeId(755), NodeId(756), NodeId(757), NodeId(758), NodeId(759), NodeId(760), NodeId(761), NodeId(762), NodeId(763), NodeId(764), NodeId(765), NodeId(766), NodeId(767), NodeId(768), NodeId(769), NodeId(770), NodeId(771), NodeId(772), NodeId(773), NodeId(774), NodeId(775), NodeId(776), NodeId(777)]
DIAG_RUN [NodeId(778), NodeId(779), NodeId(780), NodeId(781), NodeId(782), NodeId(783), NodeId(784), NodeId(785), NodeId(786), NodeId(787), NodeId(788), NodeId(789), NodeId(790), NodeId(791), NodeId(792), NodeId(793), NodeId(794), NodeId(795), NodeId(796), NodeId(797), NodeId(798), NodeId(799)]
DIAG_RUN [NodeId(800), NodeId(801), NodeId(802), NodeId(803), NodeId(804), NodeId(805), NodeId(806), NodeId(807), NodeId(808), NodeId(809), NodeId(810), NodeId(811), NodeId(812), NodeId(813), NodeId(814), NodeId(815), NodeId(816), NodeId(817), NodeId(818), NodeId(819), NodeId(820), NodeId(821), NodeId(822), NodeId(823), NodeId(824), NodeId(825), NodeId(826), NodeId(827), NodeId(828)]
DIAG_RUN [NodeId(829), NodeId(830), NodeId(831), NodeId(832), NodeId(833), NodeId(834), NodeId(835), NodeId(836), NodeId(837), NodeId(838), NodeId(839), NodeId(840), NodeId(841), NodeId(842), NodeId(843), NodeId(844), NodeId(845), NodeId(846), NodeId(847), NodeId(848), NodeId(849), NodeId(850), NodeId(851), NodeId(852), NodeId(853), NodeId(854), NodeId(855), NodeId(856), NodeId(857), NodeId(858), NodeId(859), NodeId(860), NodeId(861), NodeId(862), NodeId(863)]
DIAG_RUN [NodeId(864), NodeId(865), NodeId(866), NodeId(867), NodeId(868), NodeId(869), NodeId(870), NodeId(871), NodeId(872), NodeId(873), NodeId(874), NodeId(875), NodeId(876), NodeId(877), NodeId(878), NodeId(879), NodeId(880), NodeId(881), NodeId(882), NodeId(883), NodeId(884), NodeId(885), NodeId(886), NodeId(887), NodeId(888), NodeId(889), NodeId(890), NodeId(891), NodeId(892), NodeId(893), NodeId(894), NodeId(895), NodeId(896), NodeId(897), NodeId(898), NodeId(899)]
DIAG_RUN [NodeId(900), NodeId(901), NodeId(902), NodeId(903), NodeId(904), NodeId(905), NodeId(906), NodeId(907), NodeId(908), NodeId(909), NodeId(910), NodeId(911), NodeId(912), NodeId(914), NodeId(916)]
DIAG_RUN [NodeId(913), NodeId(915)]
DIAG_RUN [NodeId(917)]
DIAG_RUN [NodeId(918), NodeId(919), NodeId(920), NodeId(921), NodeId(922), NodeId(923), NodeId(924), NodeId(925), NodeId(926), NodeId(927), NodeId(928), NodeId(931), NodeId(932), NodeId(933), NodeId(934), NodeId(935), NodeId(936), NodeId(937), NodeId(938), NodeId(939), NodeId(940), NodeId(941)]
DIAG_RUN [NodeId(929)]
DIAG_RUN [NodeId(930)]
DIAG_RUN [NodeId(942), NodeId(950), NodeId(964), NodeId(973), NodeId(978), NodeId(982)]
DIAG_RUN [NodeId(943), NodeId(948), NodeId(952), NodeId(962), NodeId(969), NodeId(970), NodeId(974), NodeId(975), NodeId(979), NodeId(983), NodeId(984), NodeId(985), NodeId(986), NodeId(987), NodeId(988), NodeId(989), NodeId(990), NodeId(991), NodeId(992), NodeId(993), NodeId(994), NodeId(995), NodeId(996), NodeId(997), NodeId(998), NodeId(999)]
DIAG_RUN [NodeId(944), NodeId(953), NodeId(966), NodeId(971), NodeId(976), NodeId(980)]
DIAG_RUN [NodeId(945), NodeId(954), NodeId(967), NodeId(972), NodeId(977), NodeId(981), NodeId(1020)]
DIAG_RUN [NodeId(946), NodeId(949), NodeId(955), NodeId(961), NodeId(965), NodeId(1001)]
DIAG_RUN [NodeId(947), NodeId(951), NodeId(957), NodeId(963), NodeId(968)]
DIAG_RUN [NodeId(956)]
DIAG_RUN [NodeId(958)]
DIAG_RUN [NodeId(959)]
DIAG_RUN [NodeId(960)]
DIAG_RUN [NodeId(1000)]
DIAG_RUN [NodeId(1002)]
DIAG_RUN [NodeId(1003), NodeId(1018)]
DIAG_RUN [NodeId(1004)]
DIAG_RUN [NodeId(1005)]
DIAG_RUN [NodeId(1006)]
DIAG_RUN [NodeId(1007)]
DIAG_RUN [NodeId(1008)]
DIAG_RUN [NodeId(1009)]
DIAG_RUN [NodeId(1010)]
DIAG_RUN [NodeId(1011), NodeId(1019)]
DIAG_RUN [NodeId(1012)]
DIAG_RUN [NodeId(1013)]
DIAG_RUN [NodeId(1014)]
DIAG_RUN [NodeId(1015)]
DIAG_RUN [NodeId(1016)]
DIAG_RUN [NodeId(1017)]
DIAG_RUN [NodeId(1021), NodeId(1022), NodeId(1023), NodeId(1024), NodeId(1025), NodeId(1026), NodeId(1027), NodeId(1030), NodeId(1031), NodeId(1032), NodeId(1033), NodeId(1034)]
DIAG_RUN [NodeId(1028), NodeId(1029)]
DIAG_RUN [NodeId(1035)]
DIAG_RUN [NodeId(1036)]
DIAG_RUN [NodeId(1037), NodeId(1038), NodeId(1039), NodeId(1040), NodeId(1041), NodeId(1042), NodeId(1043), NodeId(1044), NodeId(1045), NodeId(1046), NodeId(1047), NodeId(1048)]
DIAG_RUN [NodeId(1049), NodeId(1050), NodeId(1051)]
