OK pair=nist-fips-186-4-to-5 set=dev role=standard provenance=verified compared=false runtime_ms=62
OK pair=nist-sp800-57-part1-r4-to-r5 set=dev role=standard provenance=verified compared=false runtime_ms=66
OK pair=irs-form-1040-2024-to-2025 set=dev role=stress provenance=verified compared=false runtime_ms=8
OK pair=nist-sp800-171-r2-to-r3 set=holdout role=standard provenance=verified compared=false runtime_ms=64
OK pair=edpb-right-of-access-v1-to-final set=dev role=standard provenance=verified compared=false runtime_ms=64
OK pair=arxiv-attention-v6-to-v7 set=dev role=stress provenance=verified compared=false runtime_ms=92
OK pair=w3c-ws-policy-attach-20060927-to-20061102 set=dev role=standard provenance=verified compared=false runtime_ms=10
OK pair=ecma-109-ed10-to-ed11 set=dev role=stress provenance=verified compared=false runtime_ms=74
OK pair=oasis-csaf-v2-cs01-to-csd02 set=dev role=standard provenance=verified compared=false runtime_ms=28
OK pair=irs-w4-korean-2024-to-2025 set=dev role=stress provenance=verified compared=false runtime_ms=13
OK pair=hmrc-sa100-2023-to-2024 set=holdout role=stress provenance=verified compared=false runtime_ms=55
OK pair=edpb-dark-patterns-v1-to-v2 set=holdout role=standard provenance=verified compared=false runtime_ms=63
OK pair=bis-operational-risk-2011-to-2021 set=dev role=standard provenance=verified compared=false runtime_ms=11
OK pair=oasis-odf-packages-v1-2-to-v1-3 set=dev role=standard provenance=verified compared=false runtime_ms=21
OK pair=qgis-pyqgis-en-328-to-334 set=dev role=standard provenance=verified compared=false runtime_ms=56
OK pair=jvms-se17-to-se21 set=dev role=standard provenance=verified compared=false runtime_ms=124
OK pair=bis-core-principles-2012-to-2024 set=dev role=standard provenance=verified compared=false runtime_ms=30
OK pair=oasis-mqtt-311-to-50 set=dev role=standard provenance=verified compared=false runtime_ms=86
OK pair=nist-csf-v1-1-to-v2-0 set=dev role=standard provenance=verified compared=false runtime_ms=53
OK pair=kicad-getting-started-7-to-8 set=holdout role=standard provenance=verified compared=false runtime_ms=98
OK pair=qgis-pyqgis-ja-328-to-334 set=dev role=standard provenance=verified compared=false runtime_ms=55
OK pair=qgis-doc-guidelines-es-328-to-334 set=holdout role=standard provenance=verified compared=false runtime_ms=59
OK pair=oecd-corporate-governance-2015-to-2023 set=holdout role=standard provenance=verified compared=false runtime_ms=55
OK pair=libreoffice-getting-started-74-to-75 set=holdout role=stress provenance=verified compared=false runtime_ms=921
OK pair=gcc-13-3-to-13-4 set=dev role=stress provenance=verified compared=false runtime_ms=124
OK pair=khronos-data-format-1-3-to-1-4 set=dev role=stress provenance=verified compared=false runtime_ms=133
OK pair=postgresql-16-to-17 set=holdout role=stress provenance=verified compared=false runtime_ms=630
OK pair=nasa-systems-engineering-handbook-rev1-to-rev2 set=holdout role=stress provenance=verified compared=false runtime_ms=265
OK pair=unicode-standard-15-to-16 set=holdout role=stress provenance=verified compared=false runtime_ms=550
29/29 revision pairs healthy; 0 stopped at resource limits; 0 failed
