   Compiling proc-macro2 v1.0.107
   Compiling quote v1.0.47
   Compiling unicode-ident v1.0.24
   Compiling cfg-if v1.0.4
   Compiling typenum v1.20.1
   Compiling syn v3.0.3
   Compiling hybrid-array v0.4.14
   Compiling autocfg v1.5.1
   Compiling num-traits v0.2.19
   Compiling simd-adler32 v0.3.10
   Compiling crc32fast v1.5.0
   Compiling adler2 v2.0.1
   Compiling miniz_oxide v0.8.9
   Compiling smallvec v1.15.2
   Compiling flate2 v1.1.9
   Compiling bytemuck_derive v1.12.0
   Compiling crypto-common v0.2.2
   Compiling bitflags v2.13.1
   Compiling bytemuck v1.25.2
   Compiling alloc-no-stdlib v2.0.4
   Compiling block-padding v0.4.2
   Compiling alloc-stdlib v0.2.4
   Compiling syn v2.0.119
   Compiling crossbeam-utils v0.8.22
   Compiling thiserror v2.0.20
   Compiling memchr v2.8.3
   Compiling foldhash v0.2.0
   Compiling hashbrown v0.17.1
   Compiling brotli-decompressor v5.0.3
   Compiling inout v0.2.2
   Compiling thiserror-impl v2.0.20
   Compiling serde_core v1.0.229
   Compiling crossbeam-epoch v0.9.20
   Compiling libc v0.2.189
   Compiling cpufeatures v0.3.0
   Compiling anstyle v1.0.14
   Compiling cipher v0.5.2
   Compiling block-buffer v0.12.1
   Compiling rand_core v0.10.1
   Compiling crossbeam-deque v0.8.7
   Compiling fearless_simd v0.4.1
   Compiling getrandom v0.4.3
   Compiling arrayvec v0.7.8
   Compiling tinyvec_macros v0.1.1
   Compiling log v0.4.33
   Compiling const-oid v0.10.2
   Compiling utf8parse v0.2.2
   Compiling anstyle-parse v1.0.0
   Compiling digest v0.11.3
   Compiling tinyvec v1.12.0
   Compiling polycool v0.4.0
   Compiling synstructure v0.13.2
   Compiling brotli v8.0.4
   Compiling encoding_rs v0.8.35
   Compiling colorchoice v1.0.5
   Compiling is_terminal_polyfill v1.70.2
   Compiling zmij v1.0.23
   Compiling anstyle-query v1.1.5
   Compiling hayro-postscript v0.1.0
   Compiling siphasher v1.0.3
   Compiling rayon-core v1.13.0
   Compiling phf_shared v0.13.1
   Compiling hayro-cmap v0.1.0
   Compiling anstream v1.0.0
   Compiling kurbo v0.13.1
   Compiling unicode-normalization v0.1.25
   Compiling chacha20 v0.10.1
   Compiling fdeflate v0.3.7
   Compiling fastrand v2.5.0
   Compiling unicode-properties v0.1.4
   Compiling strsim v0.11.1
   Compiling unicode-bidi v0.3.18
   Compiling cpubits v0.1.1
   Compiling equivalent v1.0.2
   Compiling serde v1.0.229
   Compiling clap_lex v1.1.0
   Compiling itoa v1.0.18
   Compiling serde_json v1.0.151
   Compiling pxfm v0.1.30
   Compiling heck v0.5.0
   Compiling clap_derive v4.6.4
   Compiling clap_builder v4.6.6
   Compiling indexmap v2.14.0
   Compiling stringprep v0.1.5
   Compiling aes v0.9.2
   Compiling phf_generator v0.13.1
   Compiling png v0.18.1
   Compiling rand v0.10.2
   Compiling zerofrom-derive v0.1.7
   Compiling md-5 v0.11.0
   Compiling sha2 v0.11.0
   Compiling cbc v0.2.1
   Compiling ecb v0.2.0
   Compiling nom v8.0.0
   Compiling color v0.3.3
   Compiling font-types v0.11.3
   Compiling serde_derive v1.0.229
   Compiling euclid v0.22.14
   Compiling hayro-ccitt v0.3.0
   Compiling weezl v0.2.1
   Compiling linebender_resource_handle v0.1.1
   Compiling rangemap v1.8.0
   Compiling either v1.18.0
   Compiling zune-core v0.5.3
   Compiling zune-jpeg v0.5.15
   Compiling rayon v1.12.0
   Compiling lopdf v0.45.0
   Compiling peniko v0.6.1
   Compiling hayro-jbig2 v0.3.0
   Compiling guillotiere v0.7.0
   Compiling read-fonts v0.39.2
   Compiling zerofrom v0.1.8
   Compiling phf_macros v0.13.1
   Compiling clap v4.6.6
   Compiling moxcms v0.8.1
   Compiling yoke-derive v0.8.2
   Compiling hayro-jpeg2000 v0.3.5
   Compiling unicode-segmentation v1.13.3
   Compiling unicode-width v0.2.2
   Compiling arraydeque v0.5.1
   Compiling stable_deref_trait v1.2.1
   Compiling rustc-hash v2.1.3
   Compiling hayro-syntax v0.7.2
   Compiling yoke v0.8.3
   Compiling granit-parser v1.1.0
   Compiling annotate-snippets v0.12.16
   Compiling pdfdelta-core v0.1.0 (/home/runner/work/pdfdelta/pdfdelta/crates/pdfdelta-core)
   Compiling phf v0.13.1
   Compiling skrifa v0.42.1
   Compiling vello_common v0.0.8
   Compiling encoding_rs_io v0.1.8
   Compiling rustix v1.1.4
   Compiling byteorder-lite v0.1.0
   Compiling image v0.25.10
   Compiling serde-saphyr v1.1.0
   Compiling vello_cpu v0.0.8
   Compiling hayro-interpret v0.7.0
   Compiling pic-scale v0.7.11
   Compiling linux-raw-sys v0.12.1
   Compiling hayro v0.7.1
   Compiling pdfdelta-bench v0.1.0 (/home/runner/work/pdfdelta/pdfdelta/crates/pdfdelta-bench)
   Compiling clap_complete v4.6.9
   Compiling base64 v0.22.1
   Compiling pdfdelta-cli v0.1.0 (/home/runner/work/pdfdelta/pdfdelta/crates/pdfdelta-cli)
    Finished `release` profile [optimized] target(s) in 6m 33s
