   Compiling pdfdelta-core v0.1.0 (/tmp/pdfdelta-common-assessment-stage-ordered-20260908/crates/pdfdelta-core)
warning: field `exact_recovery` is never read
   --> crates/pdfdelta-core/src/diff/assessment.rs:682:5
    |
678 | struct ProposedRelation {
    |        ---------------- field in this struct
...
682 |     exact_recovery: bool,
    |     ^^^^^^^^^^^^^^
    |
    = note: `#[warn(dead_code)]` (part of `#[warn(unused)]`) on by default

warning: method `discover_local_domains` is never used
    --> crates/pdfdelta-core/src/diff/assessment.rs:1938:8
     |
1795 | impl<'a, 'document> Assessor<'a, 'document> {
     | ------------------------------------------- method in this implementation
...
1938 |     fn discover_local_domains(&mut self, proposals: &[ProposedRelation]) -> Result<()> {
     |        ^^^^^^^^^^^^^^^^^^^^^^

warning: enum `ViewKind` is never used
  --> crates/pdfdelta-core/src/diff/assessment/views.rs:20:6
   |
20 | enum ViewKind {
   |      ^^^^^^^^

warning: struct `View` is never constructed
  --> crates/pdfdelta-core/src/diff/assessment/views.rs:25:8
   |
25 | struct View {
   |        ^^^^

warning: struct `RunMember` is never constructed
  --> crates/pdfdelta-core/src/diff/assessment/views.rs:34:8
   |
34 | struct RunMember {
   |        ^^^^^^^^^

warning: struct `Occurrence` is never constructed
  --> crates/pdfdelta-core/src/diff/assessment/views.rs:40:8
   |
40 | struct Occurrence {
   |        ^^^^^^^^^^

warning: struct `AnchorHit` is never constructed
  --> crates/pdfdelta-core/src/diff/assessment/views.rs:47:8
   |
47 | struct AnchorHit {
   |        ^^^^^^^^^

warning: struct `OccurrenceSummary` is never constructed
  --> crates/pdfdelta-core/src/diff/assessment/views.rs:58:8
   |
58 | struct OccurrenceSummary {
   |        ^^^^^^^^^^^^^^^^^

warning: enum `SearchResult` is never used
  --> crates/pdfdelta-core/src/diff/assessment/views.rs:64:6
   |
64 | enum SearchResult {
   |      ^^^^^^^^^^^^

warning: function `discover` is never used
  --> crates/pdfdelta-core/src/diff/assessment/views.rs:75:15
   |
75 | pub(super) fn discover(
   |               ^^^^^^^^

warning: function `build_views` is never used
   --> crates/pdfdelta-core/src/diff/assessment/views.rs:251:4
    |
251 | fn build_views(
    |    ^^^^^^^^^^^

warning: function `complete_run` is never used
   --> crates/pdfdelta-core/src/diff/assessment/views.rs:341:4
    |
341 | fn complete_run(members: &[RunMember]) -> bool {
    |    ^^^^^^^^^^^^

warning: function `descriptor_allows` is never used
   --> crates/pdfdelta-core/src/diff/assessment/views.rs:352:4
    |
352 | fn descriptor_allows(
    |    ^^^^^^^^^^^^^^^^^

warning: function `homogeneous_role` is never used
   --> crates/pdfdelta-core/src/diff/assessment/views.rs:386:4
    |
386 | fn homogeneous_role(side: &Side<'_>, members: &[RunMember]) -> Option<BlockRole> {
    |    ^^^^^^^^^^^^^^^^

warning: function `charge_group` is never used
   --> crates/pdfdelta-core/src/diff/assessment/views.rs:394:4
    |
394 | fn charge_group(remaining_work: &mut usize, group: &GroupText) -> bool {
    |    ^^^^^^^^^^^^

warning: function `anchor_tokens` is never used
   --> crates/pdfdelta-core/src/diff/assessment/views.rs:399:4
    |
399 | fn anchor_tokens(
    |    ^^^^^^^^^^^^^

warning: function `search_views` is never used
   --> crates/pdfdelta-core/src/diff/assessment/views.rs:456:4
    |
456 | fn search_views(
    |    ^^^^^^^^^^^^

warning: function `unique_occurrence` is never used
   --> crates/pdfdelta-core/src/diff/assessment/views.rs:492:4
    |
492 | fn unique_occurrence(summary: OccurrenceSummary) -> Option<Occurrence> {
    |    ^^^^^^^^^^^^^^^^^

warning: function `one_to_one_pairs` is never used
   --> crates/pdfdelta-core/src/diff/assessment/views.rs:496:4
    |
496 | fn one_to_one_pairs(
    |    ^^^^^^^^^^^^^^^^

warning: function `close_domain` is never used
   --> crates/pdfdelta-core/src/diff/assessment/views.rs:514:4
    |
514 | fn close_domain(
    |    ^^^^^^^^^^^^

warning: function `charge` is never used
   --> crates/pdfdelta-core/src/diff/assessment/views.rs:558:4
    |
558 | fn charge(remaining_work: &mut usize, cost: usize) -> bool {
    |    ^^^^^^

   Compiling pdfdelta-bench v0.1.0 (/tmp/pdfdelta-common-assessment-stage-ordered-20260908/crates/pdfdelta-bench)
warning: `pdfdelta-core` (lib) generated 21 warnings
    Finished `release` profile [optimized] target(s) in 32.99s
