PASS case=line-wrap-only renderer=lopdf-tj expected=none actual=none coverage=1.000/1.000 precision=events:0/0/0:1.000/1.000/1.000,tokens:0/0/0:1.000/1.000/1.000,fp10k:0.000 detail=matched expectation with complete extraction and coverage
PASS case=line-wrap-only renderer=classic-xref-tj expected=none actual=none coverage=1.000/1.000 precision=events:0/0/0:1.000/1.000/1.000,tokens:0/0/0:1.000/1.000/1.000,fp10k:0.000 detail=matched expectation with complete extraction and coverage
PASS case=double-line-wrap-only renderer=lopdf-tj expected=none actual=none coverage=1.000/1.000 precision=events:0/0/0:1.000/1.000/1.000,tokens:0/0/0:1.000/1.000/1.000,fp10k:0.000 detail=matched expectation with complete extraction and coverage
PASS case=double-line-wrap-only renderer=classic-xref-tj expected=none actual=none coverage=1.000/1.000 precision=events:0/0/0:1.000/1.000/1.000,tokens:0/0/0:1.000/1.000/1.000,fp10k:0.000 detail=matched expectation with complete extraction and coverage
PASS case=page-break-only renderer=lopdf-tj expected=none actual=none coverage=1.000/1.000 precision=events:0/0/0:1.000/1.000/1.000,tokens:0/0/0:1.000/1.000/1.000,fp10k:0.000 detail=matched expectation with complete extraction and coverage
PASS case=page-break-only renderer=classic-xref-tj expected=none actual=none coverage=1.000/1.000 precision=events:0/0/0:1.000/1.000/1.000,tokens:0/0/0:1.000/1.000/1.000,fp10k:0.000 detail=matched expectation with complete extraction and coverage
PASS case=column-change-only renderer=lopdf-tj expected=none actual=none coverage=1.000/1.000 precision=events:0/0/0:1.000/1.000/1.000,tokens:0/0/0:1.000/1.000/1.000,fp10k:0.000 detail=matched expectation with complete extraction and coverage
PASS case=column-change-only renderer=classic-xref-tj expected=none actual=none coverage=1.000/1.000 precision=events:0/0/0:1.000/1.000/1.000,tokens:0/0/0:1.000/1.000/1.000,fp10k:0.000 detail=matched expectation with complete extraction and coverage
PASS case=line-height-change-only renderer=lopdf-tj expected=none actual=none coverage=1.000/1.000 precision=events:0/0/0:1.000/1.000/1.000,tokens:0/0/0:1.000/1.000/1.000,fp10k:0.000 detail=matched expectation with complete extraction and coverage
PASS case=line-height-change-only renderer=classic-xref-tj expected=none actual=none coverage=1.000/1.000 precision=events:0/0/0:1.000/1.000/1.000,tokens:0/0/0:1.000/1.000/1.000,fp10k:0.000 detail=matched expectation with complete extraction and coverage
PASS case=margin-change-only renderer=lopdf-tj expected=none actual=none coverage=1.000/1.000 precision=events:0/0/0:1.000/1.000/1.000,tokens:0/0/0:1.000/1.000/1.000,fp10k:0.000 detail=matched expectation with complete extraction and coverage
PASS case=margin-change-only renderer=classic-xref-tj expected=none actual=none coverage=1.000/1.000 precision=events:0/0/0:1.000/1.000/1.000,tokens:0/0/0:1.000/1.000/1.000,fp10k:0.000 detail=matched expectation with complete extraction and coverage
PASS case=font-size-change-only renderer=lopdf-tj expected=none actual=none coverage=1.000/1.000 precision=events:0/0/0:1.000/1.000/1.000,tokens:0/0/0:1.000/1.000/1.000,fp10k:0.000 detail=matched expectation with complete extraction and coverage
PASS case=font-size-change-only renderer=classic-xref-tj expected=none actual=none coverage=1.000/1.000 precision=events:0/0/0:1.000/1.000/1.000,tokens:0/0/0:1.000/1.000/1.000,fp10k:0.000 detail=matched expectation with complete extraction and coverage
PASS case=page-size-change-only renderer=lopdf-tj expected=none actual=none coverage=1.000/1.000 precision=events:0/0/0:1.000/1.000/1.000,tokens:0/0/0:1.000/1.000/1.000,fp10k:0.000 detail=matched expectation with complete extraction and coverage
PASS case=page-size-change-only renderer=classic-xref-tj expected=none actual=none coverage=1.000/1.000 precision=events:0/0/0:1.000/1.000/1.000,tokens:0/0/0:1.000/1.000/1.000,fp10k:0.000 detail=matched expectation with complete extraction and coverage
PASS case=text-replacement renderer=lopdf-tj expected=replacement actual=replacement coverage=1.000/1.000 precision=events:1/1/1:1.000/1.000/1.000,tokens:2/0/0:1.000/1.000/1.000,fp10k:0.000 detail=matched expectation with complete extraction and coverage
PASS case=text-replacement renderer=classic-xref-tj expected=replacement actual=replacement coverage=1.000/1.000 precision=events:1/1/1:1.000/1.000/1.000,tokens:2/0/0:1.000/1.000/1.000,fp10k:0.000 detail=matched expectation with complete extraction and coverage
PASS case=paragraph-rewrite-low-overlap renderer=lopdf-tj expected=proven-changed-region actual=none coverage=0.660/0.670 precision=events:0/0/0:1.000/1.000/1.000,tokens:0/0/0:1.000/1.000/1.000,fp10k:0.000 detail=matched proven changed-region expectation with complete extraction
PASS case=paragraph-rewrite-low-overlap renderer=classic-xref-tj expected=proven-changed-region actual=none coverage=0.660/0.670 precision=events:0/0/0:1.000/1.000/1.000,tokens:0/0/0:1.000/1.000/1.000,fp10k:0.000 detail=matched proven changed-region expectation with complete extraction
PASS case=text-insertion renderer=lopdf-tj expected=insertion actual=insertion coverage=1.000/1.000 precision=events:1/1/1:1.000/1.000/1.000,tokens:5/0/0:1.000/1.000/1.000,fp10k:0.000 detail=matched expectation with complete extraction and coverage
PASS case=text-insertion renderer=classic-xref-tj expected=insertion actual=insertion coverage=1.000/1.000 precision=events:1/1/1:1.000/1.000/1.000,tokens:5/0/0:1.000/1.000/1.000,fp10k:0.000 detail=matched expectation with complete extraction and coverage
PASS case=text-deletion renderer=lopdf-tj expected=deletion actual=deletion coverage=1.000/1.000 precision=events:1/1/1:1.000/1.000/1.000,tokens:5/0/0:1.000/1.000/1.000,fp10k:0.000 detail=matched expectation with complete extraction and coverage
PASS case=text-deletion renderer=classic-xref-tj expected=deletion actual=deletion coverage=1.000/1.000 precision=events:1/1/1:1.000/1.000/1.000,tokens:5/0/0:1.000/1.000/1.000,fp10k:0.000 detail=matched expectation with complete extraction and coverage
PASS case=number-replacement renderer=lopdf-tj expected=replacement actual=replacement coverage=1.000/1.000 precision=events:1/1/1:1.000/1.000/1.000,tokens:2/0/0:1.000/1.000/1.000,fp10k:0.000 detail=matched expectation with complete extraction and coverage
PASS case=number-replacement renderer=classic-xref-tj expected=replacement actual=replacement coverage=1.000/1.000 precision=events:1/1/1:1.000/1.000/1.000,tokens:2/0/0:1.000/1.000/1.000,fp10k:0.000 detail=matched expectation with complete extraction and coverage
PASS case=paragraph-insertion renderer=lopdf-tj expected=insertion actual=insertion coverage=1.000/1.000 precision=events:1/1/1:1.000/1.000/1.000,tokens:40/0/0:1.000/1.000/1.000,fp10k:0.000 detail=matched expectation with complete extraction and coverage
PASS case=paragraph-insertion renderer=classic-xref-tj expected=insertion actual=insertion coverage=1.000/1.000 precision=events:1/1/1:1.000/1.000/1.000,tokens:40/0/0:1.000/1.000/1.000,fp10k:0.000 detail=matched expectation with complete extraction and coverage
PASS case=paragraph-deletion renderer=lopdf-tj expected=deletion actual=deletion coverage=1.000/1.000 precision=events:1/1/1:1.000/1.000/1.000,tokens:39/0/0:1.000/1.000/1.000,fp10k:0.000 detail=matched expectation with complete extraction and coverage
PASS case=paragraph-deletion renderer=classic-xref-tj expected=deletion actual=deletion coverage=1.000/1.000 precision=events:1/1/1:1.000/1.000/1.000,tokens:39/0/0:1.000/1.000/1.000,fp10k:0.000 detail=matched expectation with complete extraction and coverage
PASS case=paragraph-move renderer=lopdf-tj expected=move actual=move coverage=1.000/1.000 precision=events:1/1/1:1.000/1.000/1.000,tokens:146/0/0:1.000/1.000/1.000,fp10k:0.000 detail=matched expectation with complete extraction and coverage
PASS case=paragraph-move renderer=classic-xref-tj expected=move actual=move coverage=1.000/1.000 precision=events:1/1/1:1.000/1.000/1.000,tokens:146/0/0:1.000/1.000/1.000,fp10k:0.000 detail=matched expectation with complete extraction and coverage
PASS case=repeated-obligations-number-replacement renderer=lopdf-tj expected=replacement actual=replacement coverage=1.000/1.000 precision=events:1/1/1:1.000/1.000/1.000,tokens:3/0/0:1.000/1.000/1.000,fp10k:0.000 detail=matched expectation with complete extraction and coverage
PASS case=repeated-obligations-number-replacement renderer=classic-xref-tj expected=replacement actual=replacement coverage=1.000/1.000 precision=events:1/1/1:1.000/1.000/1.000,tokens:3/0/0:1.000/1.000/1.000,fp10k:0.000 detail=matched expectation with complete extraction and coverage
PASS case=repeated-terms-text-replacement renderer=lopdf-tj expected=replacement actual=replacement coverage=1.000/1.000 precision=events:1/1/1:1.000/1.000/1.000,tokens:13/0/0:1.000/1.000/1.000,fp10k:0.000 detail=matched expectation with complete extraction and coverage
PASS case=repeated-terms-text-replacement renderer=classic-xref-tj expected=replacement actual=replacement coverage=1.000/1.000 precision=events:1/1/1:1.000/1.000/1.000,tokens:13/0/0:1.000/1.000/1.000,fp10k:0.000 detail=matched expectation with complete extraction and coverage
PASS case=long-prose-double-reflow renderer=lopdf-tj expected=none actual=none coverage=1.000/1.000 precision=events:0/0/0:1.000/1.000/1.000,tokens:0/0/0:1.000/1.000/1.000,fp10k:0.000 detail=matched expectation with complete extraction and coverage
PASS case=long-prose-double-reflow renderer=classic-xref-tj expected=none actual=none coverage=1.000/1.000 precision=events:0/0/0:1.000/1.000/1.000,tokens:0/0/0:1.000/1.000/1.000,fp10k:0.000 detail=matched expectation with complete extraction and coverage
PASS case=numbered-requirement-text-insertion renderer=lopdf-tj expected=insertion actual=insertion coverage=1.000/1.000 precision=events:1/1/1:1.000/1.000/1.000,tokens:14/0/0:1.000/1.000/1.000,fp10k:0.000 detail=matched expectation with complete extraction and coverage
PASS case=numbered-requirement-text-insertion renderer=classic-xref-tj expected=insertion actual=insertion coverage=1.000/1.000 precision=events:1/1/1:1.000/1.000/1.000,tokens:14/0/0:1.000/1.000/1.000,fp10k:0.000 detail=matched expectation with complete extraction and coverage
PASS case=pagination-churn-mid-document renderer=lopdf-tj expected=none actual=none coverage=1.000/1.000 precision=events:0/0/0:1.000/1.000/1.000,tokens:0/0/0:1.000/1.000/1.000,fp10k:0.000 detail=matched expectation with complete extraction and coverage
PASS case=pagination-churn-mid-document renderer=classic-xref-tj expected=none actual=none coverage=1.000/1.000 precision=events:0/0/0:1.000/1.000/1.000,tokens:0/0/0:1.000/1.000/1.000,fp10k:0.000 detail=matched expectation with complete extraction and coverage
PASS case=footnote-like-paragraph-insertion renderer=lopdf-tj expected=insertion actual=insertion coverage=1.000/1.000 precision=events:1/1/1:1.000/1.000/1.000,tokens:45/0/0:1.000/1.000/1.000,fp10k:0.000 detail=matched expectation with complete extraction and coverage
PASS case=footnote-like-paragraph-insertion renderer=classic-xref-tj expected=insertion actual=insertion coverage=1.000/1.000 precision=events:1/1/1:1.000/1.000/1.000,tokens:45/0/0:1.000/1.000/1.000,fp10k:0.000 detail=matched expectation with complete extraction and coverage
PASS case=footnote-like-paragraph-deletion renderer=lopdf-tj expected=deletion actual=deletion coverage=1.000/1.000 precision=events:1/1/1:1.000/1.000/1.000,tokens:47/0/0:1.000/1.000/1.000,fp10k:0.000 detail=matched expectation with complete extraction and coverage
PASS case=footnote-like-paragraph-deletion renderer=classic-xref-tj expected=deletion actual=deletion coverage=1.000/1.000 precision=events:1/1/1:1.000/1.000/1.000,tokens:47/0/0:1.000/1.000/1.000,fp10k:0.000 detail=matched expectation with complete extraction and coverage
PASS case=section-labeled-paragraph-movement renderer=lopdf-tj expected=move actual=move coverage=1.000/1.000 precision=events:1/1/1:1.000/1.000/1.000,tokens:68/0/0:1.000/1.000/1.000,fp10k:0.000 detail=matched expectation with complete extraction and coverage
PASS case=section-labeled-paragraph-movement renderer=classic-xref-tj expected=move actual=move coverage=1.000/1.000 precision=events:1/1/1:1.000/1.000/1.000,tokens:68/0/0:1.000/1.000/1.000,fp10k:0.000 detail=matched expectation with complete extraction and coverage
generated precision evaluated=48/48 complete events=26/26 reported=26 p=1.000 r=1.000 f1=1.000 tokens=tp:858,fp:0,fn:0 p=1.000 r=1.000 f1=1.000 fp_tokens_per_10k_unchanged=0.000
48/48 passed
